Archive member included to satisfy reference by file (symbol)

/usr/local/Cellar/arm-none-eabi-gcc/9-2019-q4-major/gcc/bin/../lib/gcc/arm-none-eabi/9.2.1/../../../../arm-none-eabi/lib/thumb/v7e-m+fp/hard/libc_nano.a(lib_a-atoi.o)
                              ./Build/netif.o (atoi)
/usr/local/Cellar/arm-none-eabi-gcc/9-2019-q4-major/gcc/bin/../lib/gcc/arm-none-eabi/9.2.1/../../../../arm-none-eabi/lib/thumb/v7e-m+fp/hard/libc_nano.a(lib_a-ctype_.o)
                              ./Build/ip4_addr.o (_ctype_)
/usr/local/Cellar/arm-none-eabi-gcc/9-2019-q4-major/gcc/bin/../lib/gcc/arm-none-eabi/9.2.1/../../../../arm-none-eabi/lib/thumb/v7e-m+fp/hard/libc_nano.a(lib_a-exit.o)
                              /usr/local/Cellar/arm-none-eabi-gcc/9-2019-q4-major/gcc/bin/../lib/gcc/arm-none-eabi/9.2.1/../../../../arm-none-eabi/lib/thumb/v7e-m+fp/hard/crt0.o (exit)
/usr/local/Cellar/arm-none-eabi-gcc/9-2019-q4-major/gcc/bin/../lib/gcc/arm-none-eabi/9.2.1/../../../../arm-none-eabi/lib/thumb/v7e-m+fp/hard/libc_nano.a(lib_a-impure.o)
                              /usr/local/Cellar/arm-none-eabi-gcc/9-2019-q4-major/gcc/bin/../lib/gcc/arm-none-eabi/9.2.1/../../../../arm-none-eabi/lib/thumb/v7e-m+fp/hard/libc_nano.a(lib_a-exit.o) (_global_impure_ptr)
/usr/local/Cellar/arm-none-eabi-gcc/9-2019-q4-major/gcc/bin/../lib/gcc/arm-none-eabi/9.2.1/../../../../arm-none-eabi/lib/thumb/v7e-m+fp/hard/libc_nano.a(lib_a-init.o)
                              /usr/local/Cellar/arm-none-eabi-gcc/9-2019-q4-major/gcc/bin/../lib/gcc/arm-none-eabi/9.2.1/../../../../arm-none-eabi/lib/thumb/v7e-m+fp/hard/crt0.o (__libc_init_array)
/usr/local/Cellar/arm-none-eabi-gcc/9-2019-q4-major/gcc/bin/../lib/gcc/arm-none-eabi/9.2.1/../../../../arm-none-eabi/lib/thumb/v7e-m+fp/hard/libc_nano.a(lib_a-memcmp.o)
                              ./Build/ethernet.o (memcmp)
/usr/local/Cellar/arm-none-eabi-gcc/9-2019-q4-major/gcc/bin/../lib/gcc/arm-none-eabi/9.2.1/../../../../arm-none-eabi/lib/thumb/v7e-m+fp/hard/libc_nano.a(lib_a-memcpy-stub.o)
                              ./Build/queue.o (memcpy)
/usr/local/Cellar/arm-none-eabi-gcc/9-2019-q4-major/gcc/bin/../lib/gcc/arm-none-eabi/9.2.1/../../../../arm-none-eabi/lib/thumb/v7e-m+fp/hard/libc_nano.a(lib_a-memmove.o)
                              ./Build/def.o (memmove)
/usr/local/Cellar/arm-none-eabi-gcc/9-2019-q4-major/gcc/bin/../lib/gcc/arm-none-eabi/9.2.1/../../../../arm-none-eabi/lib/thumb/v7e-m+fp/hard/libc_nano.a(lib_a-memset.o)
                              /usr/local/Cellar/arm-none-eabi-gcc/9-2019-q4-major/gcc/bin/../lib/gcc/arm-none-eabi/9.2.1/../../../../arm-none-eabi/lib/thumb/v7e-m+fp/hard/crt0.o (memset)
/usr/local/Cellar/arm-none-eabi-gcc/9-2019-q4-major/gcc/bin/../lib/gcc/arm-none-eabi/9.2.1/../../../../arm-none-eabi/lib/thumb/v7e-m+fp/hard/libc_nano.a(lib_a-printf.o)
                              ./Build/inet_chksum.o (printf)
/usr/local/Cellar/arm-none-eabi-gcc/9-2019-q4-major/gcc/bin/../lib/gcc/arm-none-eabi/9.2.1/../../../../arm-none-eabi/lib/thumb/v7e-m+fp/hard/libc_nano.a(lib_a-puts.o)
                              ./Build/app_ethernet.o (puts)
/usr/local/Cellar/arm-none-eabi-gcc/9-2019-q4-major/gcc/bin/../lib/gcc/arm-none-eabi/9.2.1/../../../../arm-none-eabi/lib/thumb/v7e-m+fp/hard/libc_nano.a(lib_a-rand.o)
                              ./Build/tcp.o (rand)
/usr/local/Cellar/arm-none-eabi-gcc/9-2019-q4-major/gcc/bin/../lib/gcc/arm-none-eabi/9.2.1/../../../../arm-none-eabi/lib/thumb/v7e-m+fp/hard/libc_nano.a(lib_a-snprintf.o)
                              ./Build/http_client.o (snprintf)
/usr/local/Cellar/arm-none-eabi-gcc/9-2019-q4-major/gcc/bin/../lib/gcc/arm-none-eabi/9.2.1/../../../../arm-none-eabi/lib/thumb/v7e-m+fp/hard/libc_nano.a(lib_a-sprintf.o)
                              ./Build/tasks.o (sprintf)
/usr/local/Cellar/arm-none-eabi-gcc/9-2019-q4-major/gcc/bin/../lib/gcc/arm-none-eabi/9.2.1/../../../../arm-none-eabi/lib/thumb/v7e-m+fp/hard/libc_nano.a(lib_a-strcat.o)
                              ./Build/httpserver-netconn.o (strcat)
/usr/local/Cellar/arm-none-eabi-gcc/9-2019-q4-major/gcc/bin/../lib/gcc/arm-none-eabi/9.2.1/../../../../arm-none-eabi/lib/thumb/v7e-m+fp/hard/libc_nano.a(lib_a-strchr.o)
                              ./Build/httpd.o (strchr)
/usr/local/Cellar/arm-none-eabi-gcc/9-2019-q4-major/gcc/bin/../lib/gcc/arm-none-eabi/9.2.1/../../../../arm-none-eabi/lib/thumb/v7e-m+fp/hard/libc_nano.a(lib_a-strcmp.o)
                              ./Build/fs.o (strcmp)
/usr/local/Cellar/arm-none-eabi-gcc/9-2019-q4-major/gcc/bin/../lib/gcc/arm-none-eabi/9.2.1/../../../../arm-none-eabi/lib/thumb/v7e-m+fp/hard/libc_nano.a(lib_a-strcpy.o)
                              ./Build/tasks.o (strcpy)
/usr/local/Cellar/arm-none-eabi-gcc/9-2019-q4-major/gcc/bin/../lib/gcc/arm-none-eabi/9.2.1/../../../../arm-none-eabi/lib/thumb/v7e-m+fp/hard/libc_nano.a(lib_a-strlen.o)
                              ./Build/tasks.o (strlen)
[...]
Memory Configuration

Name             Origin             Length             Attributes
RAM              0x0000000020000000 0x0000000000050000 xrw
FLASH            0x0000000008000000 0x0000000000100000 xr
*default*        0x0000000000000000 0xffffffffffffffff

Linker script and memory map

LOAD /usr/local/Cellar/arm-none-eabi-gcc/9-2019-q4-major/gcc/bin/../lib/gcc/arm-none-eabi/9.2.1/thumb/v7e-m+fp/hard/crti.o
LOAD /usr/local/Cellar/arm-none-eabi-gcc/9-2019-q4-major/gcc/bin/../lib/gcc/arm-none-eabi/9.2.1/thumb/v7e-m+fp/hard/crtbegin.o
LOAD /usr/local/Cellar/arm-none-eabi-gcc/9-2019-q4-major/gcc/bin/../lib/gcc/arm-none-eabi/9.2.1/../../../../arm-none-eabi/lib/thumb/v7e-m+fp/hard/crt0.o
LOAD ./Build/stm32f7xx_hal_cortex.o
LOAD ./Build/stm32f7xx_hal_dma.o
LOAD ./Build/stm32f7xx_hal_dma2d.o
LOAD ./Build/stm32f7xx_hal_eth.o
LOAD ./Build/stm32f7xx_hal_flash.o
LOAD ./Build/stm32f7xx_hal_flash_ex.o
LOAD ./Build/stm32f7xx_hal_gpio.o
LOAD ./Build/stm32f7xx_hal_i2c.o
LOAD ./Build/stm32f7xx_hal_i2c_ex.o
LOAD ./Build/stm32f7xx_hal_ltdc.o
LOAD ./Build/stm32f7xx_hal_pwr.o
LOAD ./Build/stm32f7xx_hal_pwr_ex.o
LOAD ./Build/stm32f7xx_hal_rcc.o
LOAD ./Build/stm32f7xx_hal_rcc_ex.o
LOAD ./Build/stm32f7xx_hal_sdram.o
LOAD ./Build/stm32f7xx_hal_tim.o
LOAD ./Build/stm32f7xx_hal_tim_ex.o
LOAD ./Build/stm32f7xx_hal_uart.o
LOAD ./Build/stm32f7xx_hal.o
LOAD ./Build/stm32f7xx_ll_fmc.o
LOAD ./Build/cmsis_os.o
LOAD ./Build/port.o
LOAD ./Build/heap_4.o
LOAD ./Build/croutine.o
LOAD ./Build/list.o
LOAD ./Build/queue.o
LOAD ./Build/tasks.o
LOAD ./Build/timers.o
LOAD ./Build/lcd_log.o
LOAD ./Build/system_stm32f7xx.o
LOAD ./Build/stm32746g_discovery.o
LOAD ./Build/stm32746g_discovery_sdram.o
LOAD ./Build/stm32746g_discovery_lcd.o
LOAD ./Build/sys_arch.o
LOAD ./Build/init.o
LOAD ./Build/def.o
LOAD ./Build/dns.o
LOAD ./Build/inet_chksum.o
LOAD ./Build/ip.o
LOAD ./Build/mem.o
LOAD ./Build/memp.o
LOAD ./Build/netif.o
LOAD ./Build/pbuf.o
LOAD ./Build/raw.o
LOAD ./Build/stats.o
LOAD ./Build/sys.o
LOAD ./Build/altcp.o
LOAD ./Build/altcp_alloc.o
LOAD ./Build/altcp_tcp.o
LOAD ./Build/tcp.o
LOAD ./Build/tcp_in.o
LOAD ./Build/tcp_out.o
LOAD ./Build/timeouts.o
LOAD ./Build/udp.o
LOAD ./Build/autoip.o
LOAD ./Build/dhcp.o
LOAD ./Build/etharp.o
LOAD ./Build/icmp.o
LOAD ./Build/igmp.o
LOAD ./Build/ip4_frag.o
LOAD ./Build/ip4.o
LOAD ./Build/ip4_addr.o
LOAD ./Build/api_lib.o
LOAD ./Build/api_msg.o
LOAD ./Build/err.o
LOAD ./Build/if_api.o
LOAD ./Build/netbuf.o
LOAD ./Build/netdb.o
LOAD ./Build/netifapi.o
LOAD ./Build/sockets.o
LOAD ./Build/tcpip.o
LOAD ./Build/ethernet.o
LOAD ./Build/bridgeif.o
LOAD ./Build/bridgeif_fdb.o
LOAD ./Build/slipif.o
LOAD ./Build/altcp_proxyconnect.o
LOAD ./Build/fs.o
LOAD ./Build/http_client.o
LOAD ./Build/httpd.o
LOAD ./Build/app_ethernet.o
LOAD ./Build/ethernetif.o
LOAD ./Build/httpserver-netconn.o
LOAD ./Build/main.o
LOAD ./Build/stm32f7xx_hal_timebase_tim.o
LOAD ./Build/stm32f7xx_it.o
LOAD ./Build/syscalls.o
LOAD ./Build/startup_stm32f746xx.o
LOAD /usr/local/Cellar/arm-none-eabi-gcc/9-2019-q4-major/gcc/bin/../lib/gcc/arm-none-eabi/9.2.1/../../../../arm-none-eabi/lib/thumb/v7e-m+fp/hard/libc_nano.a
LOAD /usr/local/Cellar/arm-none-eabi-gcc/9-2019-q4-major/gcc/bin/../lib/gcc/arm-none-eabi/9.2.1/../../../../arm-none-eabi/lib/thumb/v7e-m+fp/hard/libm.a
LOAD /usr/local/Cellar/arm-none-eabi-gcc/9-2019-q4-major/gcc/bin/../lib/gcc/arm-none-eabi/9.2.1/../../../../arm-none-eabi/lib/thumb/v7e-m+fp/hard/libnosys.a
START GROUP
LOAD /usr/local/Cellar/arm-none-eabi-gcc/9-2019-q4-major/gcc/bin/../lib/gcc/arm-none-eabi/9.2.1/thumb/v7e-m+fp/hard/libgcc.a
LOAD /usr/local/Cellar/arm-none-eabi-gcc/9-2019-q4-major/gcc/bin/../lib/gcc/arm-none-eabi/9.2.1/../../../../arm-none-eabi/lib/thumb/v7e-m+fp/hard/libc_nano.a
END GROUP
START GROUP
LOAD /usr/local/Cellar/arm-none-eabi-gcc/9-2019-q4-major/gcc/bin/../lib/gcc/arm-none-eabi/9.2.1/thumb/v7e-m+fp/hard/libgcc.a
LOAD /usr/local/Cellar/arm-none-eabi-gcc/9-2019-q4-major/gcc/bin/../lib/gcc/arm-none-eabi/9.2.1/../../../../arm-none-eabi/lib/thumb/v7e-m+fp/hard/libc_nano.a
END GROUP
LOAD /usr/local/Cellar/arm-none-eabi-gcc/9-2019-q4-major/gcc/bin/../lib/gcc/arm-none-eabi/9.2.1/thumb/v7e-m+fp/hard/crtend.o
LOAD /usr/local/Cellar/arm-none-eabi-gcc/9-2019-q4-major/gcc/bin/../lib/gcc/arm-none-eabi/9.2.1/thumb/v7e-m+fp/hard/crtn.o
                0x0000000020050000                _estack = 0x20050000
                0x0000000000000200                _Min_Heap_Size = 0x200
                0x0000000000000400                _Min_Stack_Size = 0x400

.isr_vector     0x0000000008000000      0x1c8
                0x0000000008000000                . = ALIGN (0x4)
 *(.isr_vector)
 .isr_vector    0x0000000008000000      0x1c8 ./Build/startup_stm32f746xx.o
                0x0000000008000000                g_pfnVectors
                0x00000000080001c8                . = ALIGN (0x4)

.text           0x00000000080001d0    0x11df4
                0x00000000080001d0                . = ALIGN (0x4)
 *(.text)
 .text          0x00000000080001d0       0x40 /usr/local/Cellar/arm-none-eabi-gcc/9-2019-q4-major/gcc/bin/../lib/gcc/arm-none-eabi/9.2.1/thumb/v7e-m+fp/hard/crtbegin.o
 .text          0x0000000008000210       0x14 /usr/local/Cellar/arm-none-eabi-gcc/9-2019-q4-major/gcc/bin/../lib/gcc/arm-none-eabi/9.2.1/../../../../arm-none-eabi/lib/thumb/v7e-m+fp/hard/libc_nano.a(lib_a-strcmp.o)
                0x0000000008000210                strcmp
 .text          0x0000000008000224       0x10 /usr/local/Cellar/arm-none-eabi-gcc/9-2019-q4-major/gcc/bin/../lib/gcc/arm-none-eabi/9.2.1/../../../../arm-none-eabi/lib/thumb/v7e-m+fp/hard/libc_nano.a(lib_a-strlen.o)
                0x0000000008000224                strlen
 *fill*         0x0000000008000234        0xc 
 .text          0x0000000008000240       0xa0 /usr/local/Cellar/arm-none-eabi-gcc/9-2019-q4-major/gcc/bin/../lib/gcc/arm-none-eabi/9.2.1/../../../../arm-none-eabi/lib/thumb/v7e-m+fp/hard/libc_nano.a(lib_a-memchr.o)
                0x0000000008000240                memchr
 .text          0x00000000080002e0       0x30 /usr/local/Cellar/arm-none-eabi-gcc/9-2019-q4-major/gcc/bin/../lib/gcc/arm-none-eabi/9.2.1/thumb/v7e-m+fp/hard/libgcc.a(_aeabi_uldivmod.o)
                0x00000000080002e0                __aeabi_uldivmod
 .text          0x0000000008000310      0x2c4 /usr/local/Cellar/arm-none-eabi-gcc/9-2019-q4-major/gcc/bin/../lib/gcc/arm-none-eabi/9.2.1/thumb/v7e-m+fp/hard/libgcc.a(_udivmoddi4.o)
                0x0000000008000310                __udivmoddi4
 .text          0x00000000080005d4        0x4 /usr/local/Cellar/arm-none-eabi-gcc/9-2019-q4-major/gcc/bin/../lib/gcc/arm-none-eabi/9.2.1/thumb/v7e-m+fp/hard/libgcc.a(_dvmd_tls.o)
                0x00000000080005d4                __aeabi_ldiv0
                0x00000000080005d4                __aeabi_idiv0
 *(.text*)
 .text.HAL_NVIC_SetPriorityGrouping
                0x00000000080005d8       0x24 ./Build/stm32f7xx_hal_cortex.o
                0x00000000080005d8                HAL_NVIC_SetPriorityGrouping
 .text.HAL_NVIC_SetPriority
                0x00000000080005fc       0x64 ./Build/stm32f7xx_hal_cortex.o
                0x00000000080005fc                HAL_NVIC_SetPriority
 .text.HAL_NVIC_EnableIRQ
                0x0000000008000660       0x1c ./Build/stm32f7xx_hal_cortex.o
                0x0000000008000660                HAL_NVIC_EnableIRQ
 .text.HAL_MPU_Disable
                0x000000000800067c       0x20 ./Build/stm32f7xx_hal_cortex.o
                0x000000000800067c                HAL_MPU_Disable
 .text.HAL_MPU_Enable
                0x000000000800069c       0x24 ./Build/stm32f7xx_hal_cortex.o
                0x000000000800069c                HAL_MPU_Enable
 .text.HAL_MPU_ConfigRegion
                0x00000000080006c0       0x54 ./Build/stm32f7xx_hal_cortex.o
                0x00000000080006c0                HAL_MPU_ConfigRegion
 .text.DMA_CalcBaseAndBitshift
                0x0000000008000714       0x40 ./Build/stm32f7xx_hal_dma.o
 .text.DMA_CheckFifoParam
                0x0000000008000754       0x8e ./Build/stm32f7xx_hal_dma.o
 *fill*         0x00000000080007e2        0x2 
 .text.HAL_DMA_Init
                0x00000000080007e4       0xcc ./Build/stm32f7xx_hal_dma.o
                0x00000000080007e4                HAL_DMA_Init
 .text.HAL_DMA_DeInit
                0x00000000080008b0       0x64 ./Build/stm32f7xx_hal_dma.o
                0x00000000080008b0                HAL_DMA_DeInit
 .text.DMA2D_SetConfig
                0x0000000008000914       0x8c ./Build/stm32f7xx_hal_dma2d.o
 .text.HAL_DMA2D_MspInit
                0x00000000080009a0        0x2 ./Build/stm32f7xx_hal_dma2d.o
                0x00000000080009a0                HAL_DMA2D_MspInit
 *fill*         0x00000000080009a2        0x2 
 .text.HAL_DMA2D_Init
                0x00000000080009a4       0x5c ./Build/stm32f7xx_hal_dma2d.o
                0x00000000080009a4                HAL_DMA2D_Init
 .text.HAL_DMA2D_Start
                0x0000000008000a00       0x38 ./Build/stm32f7xx_hal_dma2d.o
                0x0000000008000a00                HAL_DMA2D_Start
 .text.HAL_DMA2D_PollForTransfer
                0x0000000008000a38      0x13e ./Build/stm32f7xx_hal_dma2d.o
                0x0000000008000a38                HAL_DMA2D_PollForTransfer
 *fill*         0x0000000008000b76        0x2 
 .text.HAL_DMA2D_ConfigLayer
                0x0000000008000b78       0xc4 ./Build/stm32f7xx_hal_dma2d.o
                0x0000000008000b78                HAL_DMA2D_ConfigLayer
 .text.ETH_MACAddressConfig
                0x0000000008000c3c       0x30 ./Build/stm32f7xx_hal_eth.o
 .text.ETH_DMATransmissionEnable
                0x0000000008000c6c       0x10 ./Build/stm32f7xx_hal_eth.o
 .text.ETH_DMAReceptionEnable
                0x0000000008000c7c       0x10 ./Build/stm32f7xx_hal_eth.o
 .text.ETH_MACDMAConfig
                0x0000000008000c8c      0x118 ./Build/stm32f7xx_hal_eth.o
 .text.ETH_MACTransmissionEnable
                0x0000000008000da4       0x2a ./Build/stm32f7xx_hal_eth.o
 .text.ETH_MACReceptionEnable
                0x0000000008000dce       0x2a ./Build/stm32f7xx_hal_eth.o
 .text.ETH_FlushTransmitFIFO
                0x0000000008000df8       0x2e ./Build/stm32f7xx_hal_eth.o
 .text.HAL_ETH_DMATxDescListInit
                0x0000000008000e26       0x74 ./Build/stm32f7xx_hal_eth.o
                0x0000000008000e26                HAL_ETH_DMATxDescListInit
 .text.HAL_ETH_DMARxDescListInit
                0x0000000008000e9a       0x6e ./Build/stm32f7xx_hal_eth.o
                0x0000000008000e9a                HAL_ETH_DMARxDescListInit
 .text.HAL_ETH_TransmitFrame
                0x0000000008000f08      0x120 ./Build/stm32f7xx_hal_eth.o
                0x0000000008000f08                HAL_ETH_TransmitFrame
 .text.HAL_ETH_GetReceivedFrame_IT
                0x0000000008001028       0x98 ./Build/stm32f7xx_hal_eth.o
                0x0000000008001028                HAL_ETH_GetReceivedFrame_IT
 .text.HAL_ETH_TxCpltCallback
                0x00000000080010c0        0x2 ./Build/stm32f7xx_hal_eth.o
                0x00000000080010c0                HAL_ETH_TxCpltCallback
 .text.HAL_ETH_ErrorCallback
                0x00000000080010c2        0x2 ./Build/stm32f7xx_hal_eth.o
                0x00000000080010c2                HAL_ETH_ErrorCallback
 .text.HAL_ETH_IRQHandler
                0x00000000080010c4       0x8c ./Build/stm32f7xx_hal_eth.o
                0x00000000080010c4                HAL_ETH_IRQHandler
 .text.HAL_ETH_ReadPHYRegister
                0x0000000008001150       0x78 ./Build/stm32f7xx_hal_eth.o
                0x0000000008001150                HAL_ETH_ReadPHYRegister
 .text.HAL_ETH_WritePHYRegister
                0x00000000080011c8       0x74 ./Build/stm32f7xx_hal_eth.o
                0x00000000080011c8                HAL_ETH_WritePHYRegister
 .text.HAL_ETH_Init
                0x000000000800123c      0x254 ./Build/stm32f7xx_hal_eth.o
                0x000000000800123c                HAL_ETH_Init
 .text.HAL_ETH_Start
                0x0000000008001490       0x44 ./Build/stm32f7xx_hal_eth.o
                0x0000000008001490                HAL_ETH_Start
 .text.HAL_GPIO_Init
                0x00000000080014d4      0x1e0 ./Build/stm32f7xx_hal_gpio.o
                0x00000000080014d4                HAL_GPIO_Init
 .text.HAL_GPIO_WritePin
                0x00000000080016b4        0xc ./Build/stm32f7xx_hal_gpio.o
                0x00000000080016b4                HAL_GPIO_WritePin
 .text.LTDC_SetConfig
                0x00000000080016c0      0x1ac ./Build/stm32f7xx_hal_ltdc.o
 .text.HAL_LTDC_MspInit
                0x000000000800186c        0x2 ./Build/stm32f7xx_hal_ltdc.o
                0x000000000800186c                HAL_LTDC_MspInit
 *fill*         0x000000000800186e        0x2 
 .text.HAL_LTDC_Init
                0x0000000008001870       0xf4 ./Build/stm32f7xx_hal_ltdc.o
                0x0000000008001870                HAL_LTDC_Init
 .text.HAL_LTDC_ConfigLayer
                0x0000000008001964       0x5c ./Build/stm32f7xx_hal_ltdc.o
                0x0000000008001964                HAL_LTDC_ConfigLayer
 .text.HAL_LTDC_GetState
                0x00000000080019c0        0x6 ./Build/stm32f7xx_hal_ltdc.o
                0x00000000080019c0                HAL_LTDC_GetState
 *fill*         0x00000000080019c6        0x2 
 .text.HAL_PWREx_EnableOverDrive
                0x00000000080019c8       0x7c ./Build/stm32f7xx_hal_pwr_ex.o
                0x00000000080019c8                HAL_PWREx_EnableOverDrive
 .text.HAL_RCC_OscConfig
                0x0000000008001a44      0x434 ./Build/stm32f7xx_hal_rcc.o
                0x0000000008001a44                HAL_RCC_OscConfig
 .text.HAL_RCC_GetSysClockFreq
                0x0000000008001e78       0xa0 ./Build/stm32f7xx_hal_rcc.o
                0x0000000008001e78                HAL_RCC_GetSysClockFreq
 .text.HAL_RCC_ClockConfig
                0x0000000008001f18      0x16c ./Build/stm32f7xx_hal_rcc.o
                0x0000000008001f18                HAL_RCC_ClockConfig
 .text.HAL_RCC_GetHCLKFreq
                0x0000000008002084        0xc ./Build/stm32f7xx_hal_rcc.o
                0x0000000008002084                HAL_RCC_GetHCLKFreq
 .text.HAL_RCC_GetPCLK1Freq
                0x0000000008002090       0x20 ./Build/stm32f7xx_hal_rcc.o
                0x0000000008002090                HAL_RCC_GetPCLK1Freq
 .text.HAL_RCC_GetClockConfig
                0x00000000080020b0       0x3c ./Build/stm32f7xx_hal_rcc.o
                0x00000000080020b0                HAL_RCC_GetClockConfig
 .text.HAL_RCCEx_PeriphCLKConfig
                0x00000000080020ec      0x5ac ./Build/stm32f7xx_hal_rcc_ex.o
                0x00000000080020ec                HAL_RCCEx_PeriphCLKConfig
 .text.HAL_SDRAM_MspInit
                0x0000000008002698        0x2 ./Build/stm32f7xx_hal_sdram.o
                0x0000000008002698                HAL_SDRAM_MspInit
 .text.HAL_SDRAM_Init
                0x000000000800269a       0x40 ./Build/stm32f7xx_hal_sdram.o
                0x000000000800269a                HAL_SDRAM_Init
 .text.HAL_SDRAM_SendCommand
                0x00000000080026da       0x36 ./Build/stm32f7xx_hal_sdram.o
                0x00000000080026da                HAL_SDRAM_SendCommand
 .text.HAL_SDRAM_ProgramRefreshRate
                0x0000000008002710       0x24 ./Build/stm32f7xx_hal_sdram.o
                0x0000000008002710                HAL_SDRAM_ProgramRefreshRate
 .text.HAL_TIM_Base_MspInit
                0x0000000008002734        0x2 ./Build/stm32f7xx_hal_tim.o
                0x0000000008002734                HAL_TIM_Base_MspInit
 *fill*         0x0000000008002736        0x2 
 .text.HAL_TIM_Base_Start_IT
                0x0000000008002738       0x2c ./Build/stm32f7xx_hal_tim.o
                0x0000000008002738                HAL_TIM_Base_Start_IT
 .text.HAL_TIM_OC_DelayElapsedCallback
                0x0000000008002764        0x2 ./Build/stm32f7xx_hal_tim.o
                0x0000000008002764                HAL_TIM_OC_DelayElapsedCallback
 .text.HAL_TIM_IC_CaptureCallback
                0x0000000008002766        0x2 ./Build/stm32f7xx_hal_tim.o
                0x0000000008002766                HAL_TIM_IC_CaptureCallback
 .text.HAL_TIM_PWM_PulseFinishedCallback
                0x0000000008002768        0x2 ./Build/stm32f7xx_hal_tim.o
                0x0000000008002768                HAL_TIM_PWM_PulseFinishedCallback
 .text.HAL_TIM_TriggerCallback
                0x000000000800276a        0x2 ./Build/stm32f7xx_hal_tim.o
                0x000000000800276a                HAL_TIM_TriggerCallback
 .text.HAL_TIM_IRQHandler
                0x000000000800276c      0x19a ./Build/stm32f7xx_hal_tim.o
                0x000000000800276c                HAL_TIM_IRQHandler
 *fill*         0x0000000008002906        0x2 
 .text.TIM_Base_SetConfig
                0x0000000008002908      0x10c ./Build/stm32f7xx_hal_tim.o
                0x0000000008002908                TIM_Base_SetConfig
 .text.HAL_TIM_Base_Init
                0x0000000008002a14       0x34 ./Build/stm32f7xx_hal_tim.o
                0x0000000008002a14                HAL_TIM_Base_Init
 .text.HAL_TIMEx_CommutCallback
                0x0000000008002a48        0x2 ./Build/stm32f7xx_hal_tim_ex.o
                0x0000000008002a48                HAL_TIMEx_CommutCallback
 .text.HAL_TIMEx_BreakCallback
                0x0000000008002a4a        0x2 ./Build/stm32f7xx_hal_tim_ex.o
                0x0000000008002a4a                HAL_TIMEx_BreakCallback
 .text.HAL_TIMEx_Break2Callback
                0x0000000008002a4c        0x2 ./Build/stm32f7xx_hal_tim_ex.o
                0x0000000008002a4c                HAL_TIMEx_Break2Callback
 .text.HAL_MspInit
                0x0000000008002a4e        0x2 ./Build/stm32f7xx_hal.o
                0x0000000008002a4e                HAL_MspInit
 .text.HAL_Init
                0x0000000008002a50       0x24 ./Build/stm32f7xx_hal.o
                0x0000000008002a50                HAL_Init
 .text.HAL_IncTick
                0x0000000008002a74       0x18 ./Build/stm32f7xx_hal.o
                0x0000000008002a74                HAL_IncTick
 .text.HAL_GetTick
                0x0000000008002a8c        0xc ./Build/stm32f7xx_hal.o
                0x0000000008002a8c                HAL_GetTick
 .text.HAL_Delay
                0x0000000008002a98       0x28 ./Build/stm32f7xx_hal.o
                0x0000000008002a98                HAL_Delay
 .text.FMC_SDRAM_Init
                0x0000000008002ac0       0x74 ./Build/stm32f7xx_ll_fmc.o
                0x0000000008002ac0                FMC_SDRAM_Init
 .text.FMC_SDRAM_Timing_Init
                0x0000000008002b34       0x98 ./Build/stm32f7xx_ll_fmc.o
                0x0000000008002b34                FMC_SDRAM_Timing_Init
 .text.FMC_SDRAM_SendCommand
                0x0000000008002bcc       0x2c ./Build/stm32f7xx_ll_fmc.o
                0x0000000008002bcc                FMC_SDRAM_SendCommand
 .text.FMC_SDRAM_ProgramRefreshRate
                0x0000000008002bf8        0xc ./Build/stm32f7xx_ll_fmc.o
                0x0000000008002bf8                FMC_SDRAM_ProgramRefreshRate
 .text.makeFreeRtosPriority
                0x0000000008002c04        0xc ./Build/cmsis_os.o
 .text.inHandlerMode
                0x0000000008002c10        0xc ./Build/cmsis_os.o
 .text.osKernelStart
                0x0000000008002c1c        0xa ./Build/cmsis_os.o
                0x0000000008002c1c                osKernelStart
 .text.osKernelSysTick
                0x0000000008002c26       0x14 ./Build/cmsis_os.o
                0x0000000008002c26                osKernelSysTick
 .text.osThreadCreate
                0x0000000008002c3a       0x34 ./Build/cmsis_os.o
                0x0000000008002c3a                osThreadCreate
 .text.osThreadTerminate
                0x0000000008002c6e        0xa ./Build/cmsis_os.o
                0x0000000008002c6e                osThreadTerminate
 .text.osMutexCreate
                0x0000000008002c78        0xa ./Build/cmsis_os.o
                0x0000000008002c78                osMutexCreate
 *fill*         0x0000000008002c82        0x2 
 .text.osMutexWait
                0x0000000008002c84       0x60 ./Build/cmsis_os.o
                0x0000000008002c84                osMutexWait
 .text.osMutexRelease
                0x0000000008002ce4       0x5c ./Build/cmsis_os.o
                0x0000000008002ce4                osMutexRelease
 .text.osSemaphoreCreate
                0x0000000008002d40       0x2e ./Build/cmsis_os.o
                0x0000000008002d40                osSemaphoreCreate
 *fill*         0x0000000008002d6e        0x2 
 .text.osSemaphoreWait
                0x0000000008002d70       0x60 ./Build/cmsis_os.o
                0x0000000008002d70                osSemaphoreWait
 .text.osSemaphoreRelease
                0x0000000008002dd0       0x5c ./Build/cmsis_os.o
                0x0000000008002dd0                osSemaphoreRelease
 .text.osSemaphoreDelete
                0x0000000008002e2c       0x18 ./Build/cmsis_os.o
                0x0000000008002e2c                osSemaphoreDelete
 .text.osMessageCreate
                0x0000000008002e44        0xe ./Build/cmsis_os.o
                0x0000000008002e44                osMessageCreate
 *fill*         0x0000000008002e52        0x2 
 .text.osMessagePut
                0x0000000008002e54       0x68 ./Build/cmsis_os.o
                0x0000000008002e54                osMessagePut
 .text.osMessageGet
                0x0000000008002ebc       0x88 ./Build/cmsis_os.o
                0x0000000008002ebc                osMessageGet
 .text.osSystickHandler
                0x0000000008002f44       0x12 ./Build/cmsis_os.o
                0x0000000008002f44                osSystickHandler
 .text.osThreadList
                0x0000000008002f56        0xa ./Build/cmsis_os.o
                0x0000000008002f56                osThreadList
 .text.osMessageWaiting
                0x0000000008002f60       0x1a ./Build/cmsis_os.o
                0x0000000008002f60                osMessageWaiting
 .text.osMessageDelete
                0x0000000008002f7a       0x18 ./Build/cmsis_os.o
                0x0000000008002f7a                osMessageDelete
 *fill*         0x0000000008002f92        0x2 
 .text.prvTaskExitError
                0x0000000008002f94       0x48 ./Build/port.o
 .text.prvPortStartFirstTask
                0x0000000008002fdc       0x28 ./Build/port.o
 .text.vPortEnableVFP
                0x0000000008003004       0x14 ./Build/port.o
 .text.pxPortInitialiseStack
                0x0000000008003018       0x2c ./Build/port.o
                0x0000000008003018                pxPortInitialiseStack
 *fill*         0x0000000008003044        0xc 
 .text.SVC_Handler
                0x0000000008003050       0x24 ./Build/port.o
                0x0000000008003050                SVC_Handler
 .text.vPortEnterCritical
                0x0000000008003074       0x4c ./Build/port.o
                0x0000000008003074                vPortEnterCritical
 .text.vPortExitCritical
                0x00000000080030c0       0x30 ./Build/port.o
                0x00000000080030c0                vPortExitCritical
 .text.PendSV_Handler
                0x00000000080030f0       0x64 ./Build/port.o
                0x00000000080030f0                PendSV_Handler
 .text.xPortSysTickHandler
                0x0000000008003154       0x30 ./Build/port.o
                0x0000000008003154                xPortSysTickHandler
 .text.vPortSetupTimerInterrupt
                0x0000000008003184       0x38 ./Build/port.o
                0x0000000008003184                vPortSetupTimerInterrupt
 .text.xPortStartScheduler
                0x00000000080031bc       0xd0 ./Build/port.o
                0x00000000080031bc                xPortStartScheduler
 .text.vPortValidateInterruptPriority
                0x000000000800328c       0x64 ./Build/port.o
                0x000000000800328c                vPortValidateInterruptPriority
 .text.prvHeapInit
                0x00000000080032f0       0x64 ./Build/heap_4.o
 .text.prvInsertBlockIntoFreeList
                0x0000000008003354       0x58 ./Build/heap_4.o
 .text.pvPortMalloc
                0x00000000080033ac       0xf8 ./Build/heap_4.o
                0x00000000080033ac                pvPortMalloc
 .text.vPortFree
                0x00000000080034a4       0x78 ./Build/heap_4.o
                0x00000000080034a4                vPortFree
 .text.vListInitialise
                0x000000000800351c       0x16 ./Build/list.o
                0x000000000800351c                vListInitialise
 .text.vListInitialiseItem
                0x0000000008003532        0x6 ./Build/list.o
                0x0000000008003532                vListInitialiseItem
 .text.vListInsertEnd
                0x0000000008003538       0x16 ./Build/list.o
                0x0000000008003538                vListInsertEnd
 .text.vListInsert
                0x000000000800354e       0x32 ./Build/list.o
                0x000000000800354e                vListInsert
 .text.uxListRemove
                0x0000000008003580       0x26 ./Build/list.o
                0x0000000008003580                uxListRemove
 .text.prvGetDisinheritPriorityAfterTimeout
                0x00000000080035a6       0x10 ./Build/queue.o
 .text.prvIsQueueFull
                0x00000000080035b6       0x1e ./Build/queue.o
 .text.prvIsQueueEmpty
                0x00000000080035d4       0x1a ./Build/queue.o
 .text.prvCopyDataToQueue
                0x00000000080035ee       0x76 ./Build/queue.o
 .text.prvCopyDataFromQueue
                0x0000000008003664       0x24 ./Build/queue.o
 .text.prvUnlockQueue
                0x0000000008003688       0x6e ./Build/queue.o
 *fill*         0x00000000080036f6        0x2 
 .text.xQueueGenericReset
                0x00000000080036f8       0x88 ./Build/queue.o
                0x00000000080036f8                xQueueGenericReset
 .text.prvInitialiseNewQueue
                0x0000000008003780       0x22 ./Build/queue.o
 .text.xQueueGenericCreate
                0x00000000080037a2       0x4c ./Build/queue.o
                0x00000000080037a2                xQueueGenericCreate
 .text.xQueueCreateCountingSemaphore
                0x00000000080037ee       0x48 ./Build/queue.o
                0x00000000080037ee                xQueueCreateCountingSemaphore
 *fill*         0x0000000008003836        0x2 
 .text.xQueueGenericSend
                0x0000000008003838      0x190 ./Build/queue.o
                0x0000000008003838                xQueueGenericSend
 .text.prvInitialiseMutex
                0x00000000080039c8       0x18 ./Build/queue.o
 .text.xQueueCreateMutex
                0x00000000080039e0       0x16 ./Build/queue.o
                0x00000000080039e0                xQueueCreateMutex
 .text.xQueueGenericSendFromISR
                0x00000000080039f6       0xde ./Build/queue.o
                0x00000000080039f6                xQueueGenericSendFromISR
 .text.xQueueGiveFromISR
                0x0000000008003ad4       0xc2 ./Build/queue.o
                0x0000000008003ad4                xQueueGiveFromISR
 *fill*         0x0000000008003b96        0x2 
 .text.xQueueReceive
                0x0000000008003b98      0x168 ./Build/queue.o
                0x0000000008003b98                xQueueReceive
 .text.xQueueSemaphoreTake
                0x0000000008003d00      0x1b4 ./Build/queue.o
                0x0000000008003d00                xQueueSemaphoreTake
 .text.xQueueReceiveFromISR
                0x0000000008003eb4       0xb8 ./Build/queue.o
                0x0000000008003eb4                xQueueReceiveFromISR
 .text.uxQueueMessagesWaiting
                0x0000000008003f6c       0x2a ./Build/queue.o
                0x0000000008003f6c                uxQueueMessagesWaiting
 .text.uxQueueMessagesWaitingFromISR
                0x0000000008003f96       0x1c ./Build/queue.o
                0x0000000008003f96                uxQueueMessagesWaitingFromISR
 *fill*         0x0000000008003fb2        0x2 
 .text.vQueueUnregisterQueue
                0x0000000008003fb4       0x2c ./Build/queue.o
                0x0000000008003fb4                vQueueUnregisterQueue
 .text.vQueueDelete
                0x0000000008003fe0       0x28 ./Build/queue.o
                0x0000000008003fe0                vQueueDelete
 .text.prvTaskCheckFreeStackSpace
                0x0000000008004008       0x14 ./Build/tasks.o
 .text.prvResetNextTaskUnblockTime
                0x000000000800401c       0x2c ./Build/tasks.o
 .text.prvDeleteTCB
                0x0000000008004048       0x12 ./Build/tasks.o
 .text.prvInitialiseNewTask
                0x000000000800405a       0x9a ./Build/tasks.o
 .text.prvInitialiseTaskLists
                0x00000000080040f4       0x5c ./Build/tasks.o
 .text.prvAddNewTaskToReadyList
                0x0000000008004150       0xac ./Build/tasks.o
 .text.prvCheckTasksWaitingTermination
                0x00000000080041fc       0x4c ./Build/tasks.o
 .text.prvIdleTask
                0x0000000008004248       0x28 ./Build/tasks.o
 .text.prvAddCurrentTaskToDelayedList
                0x0000000008004270       0x7c ./Build/tasks.o
 .text.prvWriteNameToBuffer
                0x00000000080042ec       0x22 ./Build/tasks.o
 .text.xTaskCreate
                0x000000000800430e       0x64 ./Build/tasks.o
                0x000000000800430e                xTaskCreate
 *fill*         0x0000000008004372        0x2 
 .text.vTaskDelete
                0x0000000008004374       0xe4 ./Build/tasks.o
                0x0000000008004374                vTaskDelete
 .text.eTaskGetState
                0x0000000008004458       0x6c ./Build/tasks.o
                0x0000000008004458                eTaskGetState
 .text.vTaskStartScheduler
                0x00000000080044c4       0x84 ./Build/tasks.o
                0x00000000080044c4                vTaskStartScheduler
 .text.vTaskSuspendAll
                0x0000000008004548       0x10 ./Build/tasks.o
                0x0000000008004548                vTaskSuspendAll
 .text.xTaskGetTickCount
                0x0000000008004558        0xc ./Build/tasks.o
                0x0000000008004558                xTaskGetTickCount
 .text.xTaskGetTickCountFromISR
                0x0000000008004564       0x10 ./Build/tasks.o
                0x0000000008004564                xTaskGetTickCountFromISR
 .text.xTaskIncrementTick
                0x0000000008004574      0x11c ./Build/tasks.o
                0x0000000008004574                xTaskIncrementTick
 .text.xTaskResumeAll
                0x0000000008004690       0xfc ./Build/tasks.o
                0x0000000008004690                xTaskResumeAll
 .text.vTaskSwitchContext
                0x000000000800478c       0x9c ./Build/tasks.o
                0x000000000800478c                vTaskSwitchContext
 .text.vTaskPlaceOnEventList
                0x0000000008004828       0x34 ./Build/tasks.o
                0x0000000008004828                vTaskPlaceOnEventList
 .text.xTaskRemoveFromEventList
                0x000000000800485c       0x90 ./Build/tasks.o
                0x000000000800485c                xTaskRemoveFromEventList
 .text.vTaskInternalSetTimeOutState
                0x00000000080048ec       0x18 ./Build/tasks.o
                0x00000000080048ec                vTaskInternalSetTimeOutState
 .text.xTaskCheckForTimeOut
                0x0000000008004904       0x80 ./Build/tasks.o
                0x0000000008004904                xTaskCheckForTimeOut
 .text.vTaskMissedYield
                0x0000000008004984        0xc ./Build/tasks.o
                0x0000000008004984                vTaskMissedYield
 .text.vTaskGetInfo
                0x0000000008004990       0x60 ./Build/tasks.o
                0x0000000008004990                vTaskGetInfo
 .text.prvListTasksWithinSingleList
                0x00000000080049f0       0x5e ./Build/tasks.o
 *fill*         0x0000000008004a4e        0x2 
 .text.uxTaskGetSystemState
                0x0000000008004a50       0x98 ./Build/tasks.o
                0x0000000008004a50                uxTaskGetSystemState
 .text.xTaskGetSchedulerState
                0x0000000008004ae8       0x20 ./Build/tasks.o
                0x0000000008004ae8                xTaskGetSchedulerState
 .text.xTaskPriorityInherit
                0x0000000008004b08       0xb8 ./Build/tasks.o
                0x0000000008004b08                xTaskPriorityInherit
 .text.xTaskPriorityDisinherit
                0x0000000008004bc0       0xbc ./Build/tasks.o
                0x0000000008004bc0                xTaskPriorityDisinherit
 .text.vTaskPriorityDisinheritAfterTimeout
                0x0000000008004c7c       0xcc ./Build/tasks.o
                0x0000000008004c7c                vTaskPriorityDisinheritAfterTimeout
 .text.vTaskList
                0x0000000008004d48       0xbc ./Build/tasks.o
                0x0000000008004d48                vTaskList
 .text.pvTaskIncrementMutexHeldCount
                0x0000000008004e04       0x1c ./Build/tasks.o
                0x0000000008004e04                pvTaskIncrementMutexHeldCount
 .text.LCD_LOG_DeInit
                0x0000000008004e20       0x64 ./Build/lcd_log.o
                0x0000000008004e20                LCD_LOG_DeInit
 .text.LCD_LOG_Init
                0x0000000008004e84       0x10 ./Build/lcd_log.o
                0x0000000008004e84                LCD_LOG_Init
 .text.LCD_LOG_SetHeader
                0x0000000008004e94       0x6c ./Build/lcd_log.o
                0x0000000008004e94                LCD_LOG_SetHeader
 .text.LCD_LOG_SetFooter
                0x0000000008004f00       0x78 ./Build/lcd_log.o
                0x0000000008004f00                LCD_LOG_SetFooter
 .text.LCD_LOG_UpdateDisplay
                0x0000000008004f78       0xa8 ./Build/lcd_log.o
                0x0000000008004f78                LCD_LOG_UpdateDisplay
 .text.__io_putchar
                0x0000000008005020      0x154 ./Build/lcd_log.o
                0x0000000008005020                __io_putchar
 .text.SystemInit
                0x0000000008005174       0x50 ./Build/system_stm32f7xx.o
                0x0000000008005174                SystemInit
 .text.BSP_SDRAM_Initialization_sequence
                0x00000000080051c4       0x9c ./Build/stm32746g_discovery_sdram.o
                0x00000000080051c4                BSP_SDRAM_Initialization_sequence
 .text.BSP_SDRAM_MspInit
                0x0000000008005260      0x178 ./Build/stm32746g_discovery_sdram.o
                0x0000000008005260                BSP_SDRAM_MspInit
 .text.BSP_SDRAM_Init
                0x00000000080053d8       0x80 ./Build/stm32746g_discovery_sdram.o
                0x00000000080053d8                BSP_SDRAM_Init
 .text.LL_FillBuffer
                0x0000000008005458       0x88 ./Build/stm32746g_discovery_lcd.o
 .text.BSP_LCD_GetXSize
                0x00000000080054e0       0x18 ./Build/stm32746g_discovery_lcd.o
                0x00000000080054e0                BSP_LCD_GetXSize
 .text.BSP_LCD_GetYSize
                0x00000000080054f8       0x18 ./Build/stm32746g_discovery_lcd.o
                0x00000000080054f8                BSP_LCD_GetYSize
 .text.BSP_LCD_LayerDefaultInit
                0x0000000008005510       0x80 ./Build/stm32746g_discovery_lcd.o
                0x0000000008005510                BSP_LCD_LayerDefaultInit
 .text.BSP_LCD_SelectLayer
                0x0000000008005590        0xc ./Build/stm32746g_discovery_lcd.o
                0x0000000008005590                BSP_LCD_SelectLayer
 .text.BSP_LCD_SetTextColor
                0x000000000800559c       0x18 ./Build/stm32746g_discovery_lcd.o
                0x000000000800559c                BSP_LCD_SetTextColor
 .text.BSP_LCD_SetBackColor
                0x00000000080055b4       0x1c ./Build/stm32746g_discovery_lcd.o
                0x00000000080055b4                BSP_LCD_SetBackColor
 .text.BSP_LCD_SetFont
                0x00000000080055d0       0x1c ./Build/stm32746g_discovery_lcd.o
                0x00000000080055d0                BSP_LCD_SetFont
 .text.BSP_LCD_GetFont
                0x00000000080055ec       0x1c ./Build/stm32746g_discovery_lcd.o
                0x00000000080055ec                BSP_LCD_GetFont
 .text.BSP_LCD_Clear
                0x0000000008005608       0x3c ./Build/stm32746g_discovery_lcd.o
                0x0000000008005608                BSP_LCD_Clear
 .text.BSP_LCD_DrawPixel
                0x0000000008005644       0x54 ./Build/stm32746g_discovery_lcd.o
                0x0000000008005644                BSP_LCD_DrawPixel
 .text.DrawChar
                0x0000000008005698       0xe8 ./Build/stm32746g_discovery_lcd.o
 .text.BSP_LCD_DisplayChar
                0x0000000008005780       0x34 ./Build/stm32746g_discovery_lcd.o
                0x0000000008005780                BSP_LCD_DisplayChar
 .text.BSP_LCD_DisplayStringAt
                0x00000000080057b4       0xc8 ./Build/stm32746g_discovery_lcd.o
                0x00000000080057b4                BSP_LCD_DisplayStringAt
 .text.BSP_LCD_DisplayStringAtLine
                0x000000000800587c       0x1e ./Build/stm32746g_discovery_lcd.o
                0x000000000800587c                BSP_LCD_DisplayStringAtLine
 *fill*         0x000000000800589a        0x2 
 .text.BSP_LCD_FillRect
                0x000000000800589c       0x94 ./Build/stm32746g_discovery_lcd.o
                0x000000000800589c                BSP_LCD_FillRect
 .text.BSP_LCD_MspInit
                0x0000000008005930      0x148 ./Build/stm32746g_discovery_lcd.o
                0x0000000008005930                BSP_LCD_MspInit
 .text.BSP_LCD_ClockConfig
                0x0000000008005a78       0x20 ./Build/stm32746g_discovery_lcd.o
                0x0000000008005a78                BSP_LCD_ClockConfig
 .text.BSP_LCD_Init
                0x0000000008005a98       0xac ./Build/stm32746g_discovery_lcd.o
                0x0000000008005a98                BSP_LCD_Init
 .text.sys_mbox_new
                0x0000000008005b44       0x24 ./Build/sys_arch.o
                0x0000000008005b44                sys_mbox_new
 .text.sys_mbox_free
                0x0000000008005b68       0x12 ./Build/sys_arch.o
                0x0000000008005b68                sys_mbox_free
 .text.sys_mbox_trypost
                0x0000000008005b7a       0x14 ./Build/sys_arch.o
                0x0000000008005b7a                sys_mbox_trypost
 .text.sys_arch_mbox_fetch
                0x0000000008005b8e       0x5a ./Build/sys_arch.o
                0x0000000008005b8e                sys_arch_mbox_fetch
 .text.sys_arch_mbox_tryfetch
                0x0000000008005be8       0x26 ./Build/sys_arch.o
                0x0000000008005be8                sys_arch_mbox_tryfetch
 .text.sys_mbox_valid
                0x0000000008005c0e        0xc ./Build/sys_arch.o
                0x0000000008005c0e                sys_mbox_valid
 .text.sys_mbox_set_invalid
                0x0000000008005c1a        0x6 ./Build/sys_arch.o
                0x0000000008005c1a                sys_mbox_set_invalid
 .text.sys_sem_new
                0x0000000008005c20       0x30 ./Build/sys_arch.o
                0x0000000008005c20                sys_sem_new
 .text.sys_arch_sem_wait
                0x0000000008005c50       0x3c ./Build/sys_arch.o
                0x0000000008005c50                sys_arch_sem_wait
 .text.sys_sem_signal
                0x0000000008005c8c        0xa ./Build/sys_arch.o
                0x0000000008005c8c                sys_sem_signal
 .text.sys_sem_free
                0x0000000008005c96        0xa ./Build/sys_arch.o
                0x0000000008005c96                sys_sem_free
 .text.sys_sem_valid
                0x0000000008005ca0        0xc ./Build/sys_arch.o
                0x0000000008005ca0                sys_sem_valid
 .text.sys_sem_set_invalid
                0x0000000008005cac        0x6 ./Build/sys_arch.o
                0x0000000008005cac                sys_sem_set_invalid
 *fill*         0x0000000008005cb2        0x2 
 .text.sys_init
                0x0000000008005cb4       0x18 ./Build/sys_arch.o
                0x0000000008005cb4                sys_init
 .text.sys_mutex_new
                0x0000000008005ccc       0x20 ./Build/sys_arch.o
                0x0000000008005ccc                sys_mutex_new
 .text.sys_mutex_lock
                0x0000000008005cec        0xe ./Build/sys_arch.o
                0x0000000008005cec                sys_mutex_lock
 .text.sys_mutex_unlock
                0x0000000008005cfa        0xa ./Build/sys_arch.o
                0x0000000008005cfa                sys_mutex_unlock
 .text.sys_thread_new
                0x0000000008005d04       0x24 ./Build/sys_arch.o
                0x0000000008005d04                sys_thread_new
 .text.sys_arch_protect
                0x0000000008005d28       0x18 ./Build/sys_arch.o
                0x0000000008005d28                sys_arch_protect
 .text.sys_arch_unprotect
                0x0000000008005d40       0x10 ./Build/sys_arch.o
                0x0000000008005d40                sys_arch_unprotect
 .text.lwip_init
                0x0000000008005d50       0x20 ./Build/init.o
                0x0000000008005d50                lwip_init
 .text.lwip_htons
                0x0000000008005d70        0xa ./Build/def.o
                0x0000000008005d70                lwip_htons
 .text.lwip_htonl
                0x0000000008005d7a       0x18 ./Build/def.o
                0x0000000008005d7a                lwip_htonl
 .text.lwip_standard_chksum
                0x0000000008005d92       0x68 ./Build/inet_chksum.o
                0x0000000008005d92                lwip_standard_chksum
 .text.inet_chksum_pbuf
                0x0000000008005dfa       0x48 ./Build/inet_chksum.o
                0x0000000008005dfa                inet_chksum_pbuf
 *fill*         0x0000000008005e42        0x2 
 .text.ptr_to_mem
                0x0000000008005e44        0xc ./Build/mem.o
 .text.mem_to_ptr
                0x0000000008005e50       0x10 ./Build/mem.o
 .text.mem_link_valid
                0x0000000008005e60       0x5c ./Build/mem.o
 .text.plug_holes
                0x0000000008005ebc      0x100 ./Build/mem.o
 .text.mem_init
                0x0000000008005fbc       0x68 ./Build/mem.o
                0x0000000008005fbc                mem_init
 .text.mem_free
                0x0000000008006024       0xf0 ./Build/mem.o
                0x0000000008006024                mem_free
 .text.mem_trim
                0x0000000008006114      0x1a4 ./Build/mem.o
                0x0000000008006114                mem_trim
 .text.mem_malloc
                0x00000000080062b8      0x184 ./Build/mem.o
                0x00000000080062b8                mem_malloc
 .text.do_memp_malloc_pool
                0x000000000800643c       0x48 ./Build/memp.o
 .text.do_memp_free_pool
                0x0000000008006484       0x3c ./Build/memp.o
 .text.memp_init_pool
                0x00000000080064c0       0x28 ./Build/memp.o
                0x00000000080064c0                memp_init_pool
 .text.memp_init
                0x00000000080064e8       0x20 ./Build/memp.o
                0x00000000080064e8                memp_init
 .text.memp_malloc
                0x0000000008006508       0x34 ./Build/memp.o
                0x0000000008006508                memp_malloc
 .text.memp_free
                0x000000000800653c       0x34 ./Build/memp.o
                0x000000000800653c                memp_free
 .text.netif_do_set_netmask
                0x0000000008006570       0x18 ./Build/netif.o
 .text.netif_do_set_gw
                0x0000000008006588       0x18 ./Build/netif.o
 .text.netif_null_output_ip4
                0x00000000080065a0        0x6 ./Build/netif.o
 .text.netif_do_ip_addr_changed
                0x00000000080065a6       0x14 ./Build/netif.o
 *fill*         0x00000000080065ba        0x2 
 .text.netif_issue_reports
                0x00000000080065bc       0x4c ./Build/netif.o
 .text.netif_do_set_ipaddr
                0x0000000008006608       0x6c ./Build/netif.o
 .text.netif_init
                0x0000000008006674        0x2 ./Build/netif.o
                0x0000000008006674                netif_init
 *fill*         0x0000000008006676        0x2 
 .text.netif_set_addr
                0x0000000008006678       0x6c ./Build/netif.o
                0x0000000008006678                netif_set_addr
 .text.netif_add
                0x00000000080066e4      0x124 ./Build/netif.o
                0x00000000080066e4                netif_add
 .text.netif_set_default
                0x0000000008006808        0xc ./Build/netif.o
                0x0000000008006808                netif_set_default
 .text.netif_set_up
                0x0000000008006814       0x3c ./Build/netif.o
                0x0000000008006814                netif_set_up
 .text.netif_set_down
                0x0000000008006850       0x40 ./Build/netif.o
                0x0000000008006850                netif_set_down
 .text.netif_get_by_index
                0x0000000008006890       0x24 ./Build/netif.o
                0x0000000008006890                netif_get_by_index
 .text.pbuf_init_alloced_pbuf
                0x00000000080068b4       0x24 ./Build/pbuf.o
 .text.pbuf_add_header_impl
                0x00000000080068d8       0x84 ./Build/pbuf.o
 .text.pbuf_alloc_reference
                0x000000000800695c       0x50 ./Build/pbuf.o
                0x000000000800695c                pbuf_alloc_reference
 .text.pbuf_alloced_custom
                0x00000000080069ac       0x3a ./Build/pbuf.o
                0x00000000080069ac                pbuf_alloced_custom
 .text.pbuf_add_header
                0x00000000080069e6        0xa ./Build/pbuf.o
                0x00000000080069e6                pbuf_add_header
 .text.pbuf_remove_header
                0x00000000080069f0       0x74 ./Build/pbuf.o
                0x00000000080069f0                pbuf_remove_header
 .text.pbuf_header_impl
                0x0000000008006a64       0x14 ./Build/pbuf.o
 .text.pbuf_header_force
                0x0000000008006a78        0xa ./Build/pbuf.o
                0x0000000008006a78                pbuf_header_force
 *fill*         0x0000000008006a82        0x2 
 .text.pbuf_free
                0x0000000008006a84       0xd0 ./Build/pbuf.o
                0x0000000008006a84                pbuf_free
 .text.pbuf_alloc
                0x0000000008006b54      0x15c ./Build/pbuf.o
                0x0000000008006b54                pbuf_alloc
 .text.pbuf_realloc
                0x0000000008006cb0       0xa8 ./Build/pbuf.o
                0x0000000008006cb0                pbuf_realloc
 .text.pbuf_clen
                0x0000000008006d58       0x10 ./Build/pbuf.o
                0x0000000008006d58                pbuf_clen
 .text.pbuf_ref
                0x0000000008006d68       0x38 ./Build/pbuf.o
                0x0000000008006d68                pbuf_ref
 .text.pbuf_cat
                0x0000000008006da0       0x80 ./Build/pbuf.o
                0x0000000008006da0                pbuf_cat
 .text.pbuf_chain
                0x0000000008006e20       0x10 ./Build/pbuf.o
                0x0000000008006e20                pbuf_chain
 .text.pbuf_copy
                0x0000000008006e30      0x130 ./Build/pbuf.o
                0x0000000008006e30                pbuf_copy
 .text.pbuf_copy_partial
                0x0000000008006f60       0x9c ./Build/pbuf.o
                0x0000000008006f60                pbuf_copy_partial
 .text.pbuf_clone
                0x0000000008006ffc       0x38 ./Build/pbuf.o
                0x0000000008006ffc                pbuf_clone
 .text.tcp_new_port
                0x0000000008007034       0x68 ./Build/tcp.o
 .text.tcp_remove_listener
                0x000000000800709c       0x34 ./Build/tcp.o
 .text.tcp_listen_closed
                0x00000000080070d0       0x5c ./Build/tcp.o
 .text.tcp_free_listen
                0x000000000800712c       0x30 ./Build/tcp.o
 .text.tcp_close_shutdown_fin
                0x000000000800715c       0x84 ./Build/tcp.o
 .text.tcp_handle_closepend
                0x00000000080071e0       0x2c ./Build/tcp.o
 .text.tcp_init
                0x000000000800720c       0x18 ./Build/tcp.o
                0x000000000800720c                tcp_init
 .text.tcp_free
                0x0000000008007224       0x30 ./Build/tcp.o
                0x0000000008007224                tcp_free
 .text.tcp_bind
                0x0000000008007254       0xcc ./Build/tcp.o
                0x0000000008007254                tcp_bind
 .text.tcp_listen_with_backlog_and_err
                0x0000000008007320       0xe0 ./Build/tcp.o
                0x0000000008007320                tcp_listen_with_backlog_and_err
 .text.tcp_update_rcv_ann_wnd
                0x0000000008007400       0x74 ./Build/tcp.o
                0x0000000008007400                tcp_update_rcv_ann_wnd
 .text.tcp_recved
                0x0000000008007474       0x7c ./Build/tcp.o
                0x0000000008007474                tcp_recved
 .text.tcp_seg_free
                0x00000000080074f0       0x1a ./Build/tcp.o
                0x00000000080074f0                tcp_seg_free
 .text.tcp_segs_free
                0x000000000800750a       0x14 ./Build/tcp.o
                0x000000000800750a                tcp_segs_free
 .text.tcp_arg  0x000000000800751e        0x6 ./Build/tcp.o
                0x000000000800751e                tcp_arg
 .text.tcp_recv
                0x0000000008007524       0x34 ./Build/tcp.o
                0x0000000008007524                tcp_recv
 .text.tcp_sent
                0x0000000008007558       0x30 ./Build/tcp.o
                0x0000000008007558                tcp_sent
 .text.tcp_err  0x0000000008007588       0x34 ./Build/tcp.o
                0x0000000008007588                tcp_err
 .text.tcp_accept
                0x00000000080075bc        0xe ./Build/tcp.o
                0x00000000080075bc                tcp_accept
 *fill*         0x00000000080075ca        0x2 
 .text.tcp_poll
                0x00000000080075cc       0x48 ./Build/tcp.o
                0x00000000080075cc                tcp_poll
 .text.tcp_pcb_purge
                0x0000000008007614       0x64 ./Build/tcp.o
                0x0000000008007614                tcp_pcb_purge
 .text.tcp_slowtmr
                0x0000000008007678      0x47c ./Build/tcp.o
                0x0000000008007678                tcp_slowtmr
 .text.tcp_pcb_remove
                0x0000000008007af4       0xbc ./Build/tcp.o
                0x0000000008007af4                tcp_pcb_remove
 .text.tcp_close_shutdown
                0x0000000008007bb0      0x14c ./Build/tcp.o
 .text.tcp_close
                0x0000000008007cfc       0x40 ./Build/tcp.o
                0x0000000008007cfc                tcp_close
 .text.tcp_recv_null
                0x0000000008007d3c       0x48 ./Build/tcp.o
                0x0000000008007d3c                tcp_recv_null
 .text.tcp_process_refused_data
                0x0000000008007d84       0x90 ./Build/tcp.o
                0x0000000008007d84                tcp_process_refused_data
 .text.tcp_fasttmr
                0x0000000008007e14       0x80 ./Build/tcp.o
                0x0000000008007e14                tcp_fasttmr
 .text.tcp_tmr  0x0000000008007e94       0x24 ./Build/tcp.o
                0x0000000008007e94                tcp_tmr
 .text.tcp_shutdown
                0x0000000008007eb8       0x80 ./Build/tcp.o
                0x0000000008007eb8                tcp_shutdown
 .text.tcp_abandon
                0x0000000008007f38      0x104 ./Build/tcp.o
                0x0000000008007f38                tcp_abandon
 .text.tcp_abort
                0x000000000800803c        0xa ./Build/tcp.o
                0x000000000800803c                tcp_abort
 *fill*         0x0000000008008046        0x2 
 .text.tcp_accept_null
                0x0000000008008048       0x30 ./Build/tcp.o
 .text.tcp_kill_timewait
                0x0000000008008078       0x34 ./Build/tcp.o
 .text.tcp_kill_prio
                0x00000000080080ac       0x54 ./Build/tcp.o
 .text.tcp_netif_ip_addr_changed_pcblist
                0x0000000008008100       0x40 ./Build/tcp.o
 .text.tcp_kill_state
                0x0000000008008140       0x64 ./Build/tcp.o
 .text.tcp_alloc
                0x00000000080081a4       0xc4 ./Build/tcp.o
                0x00000000080081a4                tcp_alloc
 .text.tcp_new_ip_type
                0x0000000008008268        0xa ./Build/tcp.o
                0x0000000008008268                tcp_new_ip_type
 *fill*         0x0000000008008272        0x2 
 .text.tcp_next_iss
                0x0000000008008274       0x38 ./Build/tcp.o
                0x0000000008008274                tcp_next_iss
 .text.tcp_eff_send_mss_netif
                0x00000000080082ac       0x40 ./Build/tcp.o
                0x00000000080082ac                tcp_eff_send_mss_netif
 .text.tcp_netif_ip_addr_changed
                0x00000000080082ec       0x54 ./Build/tcp.o
                0x00000000080082ec                tcp_netif_ip_addr_changed
 .text.tcp_get_next_optbyte
                0x0000000008008340       0x3c ./Build/tcp_in.o
 .text.tcp_parseopt
                0x000000000800837c       0xa4 ./Build/tcp_in.o
 .text.tcp_input_delayed_close
                0x0000000008008420       0x60 ./Build/tcp_in.o
 .text.tcp_timewait_input
                0x0000000008008480       0xb8 ./Build/tcp_in.o
 .text.tcp_listen_input
                0x0000000008008538      0x150 ./Build/tcp_in.o
 .text.tcp_free_acked_segments
                0x0000000008008688       0xc8 ./Build/tcp_in.o
 .text.tcp_receive
                0x0000000008008750      0x570 ./Build/tcp_in.o
 .text.tcp_process
                0x0000000008008cc0      0x580 ./Build/tcp_in.o
 .text.tcp_input
                0x0000000008009240      0x5a0 ./Build/tcp_in.o
                0x0000000008009240                tcp_input
 .text.tcp_trigger_input_pcb_close
                0x00000000080097e0       0x10 ./Build/tcp_in.o
                0x00000000080097e0                tcp_trigger_input_pcb_close
 .text.tcp_write_checks
                0x00000000080097f0       0xbc ./Build/tcp_out.o
 .text.tcp_output_segment_busy
                0x00000000080098ac       0x34 ./Build/tcp_out.o
 .text.tcp_output_fill_options
                0x00000000080098e0       0x4c ./Build/tcp_out.o
 .text.tcp_pbuf_prealloc
                0x000000000800992c       0xbc ./Build/tcp_out.o
 .text.tcp_create_segment
                0x00000000080099e8       0xe8 ./Build/tcp_out.o
 .text.tcp_output_alloc_header_common
                0x0000000008009ad0       0x98 ./Build/tcp_out.o
 .text.tcp_output_alloc_header
                0x0000000008009b68       0x54 ./Build/tcp_out.o
 .text.tcp_route
                0x0000000008009bbc       0x16 ./Build/tcp_out.o
 *fill*         0x0000000008009bd2        0x2 
 .text.tcp_output_segment
                0x0000000008009bd4      0x13c ./Build/tcp_out.o
 .text.tcp_output_control_segment
                0x0000000008009d10       0x6c ./Build/tcp_out.o
 .text.tcp_write
                0x0000000008009d7c      0x578 ./Build/tcp_out.o
                0x0000000008009d7c                tcp_write
 .text.tcp_split_unsent_seg
                0x000000000800a2f4      0x1b8 ./Build/tcp_out.o
                0x000000000800a2f4                tcp_split_unsent_seg
 .text.tcp_enqueue_flags
                0x000000000800a4ac      0x160 ./Build/tcp_out.o
                0x000000000800a4ac                tcp_enqueue_flags
 .text.tcp_send_fin
                0x000000000800a60c       0x64 ./Build/tcp_out.o
                0x000000000800a60c                tcp_send_fin
 .text.tcp_rexmit_rto_prepare
                0x000000000800a670       0x94 ./Build/tcp_out.o
                0x000000000800a670                tcp_rexmit_rto_prepare
 .text.tcp_rexmit
                0x000000000800a704       0x88 ./Build/tcp_out.o
                0x000000000800a704                tcp_rexmit
 .text.tcp_rexmit_fast
                0x000000000800a78c       0x78 ./Build/tcp_out.o
                0x000000000800a78c                tcp_rexmit_fast
 .text.tcp_rst  0x000000000800a804       0x90 ./Build/tcp_out.o
                0x000000000800a804                tcp_rst
 .text.tcp_send_empty_ack
                0x000000000800a894       0x74 ./Build/tcp_out.o
                0x000000000800a894                tcp_send_empty_ack
 .text.tcp_output
                0x000000000800a908      0x2ac ./Build/tcp_out.o
                0x000000000800a908                tcp_output
 .text.tcp_rexmit_rto_commit
                0x000000000800abb4       0x38 ./Build/tcp_out.o
                0x000000000800abb4                tcp_rexmit_rto_commit
 .text.tcp_rexmit_rto
                0x000000000800abec       0x34 ./Build/tcp_out.o
                0x000000000800abec                tcp_rexmit_rto
 .text.tcp_keepalive
                0x000000000800ac20       0x5c ./Build/tcp_out.o
                0x000000000800ac20                tcp_keepalive
 .text.tcp_zero_window_probe
                0x000000000800ac7c       0xdc ./Build/tcp_out.o
                0x000000000800ac7c                tcp_zero_window_probe
 .text.sys_timeout_abs
                0x000000000800ad58       0x70 ./Build/timeouts.o
 .text.lwip_cyclic_timer
                0x000000000800adc8       0x3c ./Build/timeouts.o
 .text.sys_timeout
                0x000000000800ae04       0x3c ./Build/timeouts.o
                0x000000000800ae04                sys_timeout
 .text.tcp_timer_needed
                0x000000000800ae40       0x3c ./Build/timeouts.o
                0x000000000800ae40                tcp_timer_needed
 .text.tcpip_tcp_timer
                0x000000000800ae7c       0x38 ./Build/timeouts.o
 .text.sys_timeouts_init
                0x000000000800aeb4       0x28 ./Build/timeouts.o
                0x000000000800aeb4                sys_timeouts_init
 .text.sys_check_timeouts
                0x000000000800aedc       0x40 ./Build/timeouts.o
                0x000000000800aedc                sys_check_timeouts
 .text.sys_timeouts_sleeptime
                0x000000000800af1c       0x48 ./Build/timeouts.o
                0x000000000800af1c                sys_timeouts_sleeptime
 .text.udp_new_port
                0x000000000800af64       0x4c ./Build/udp.o
 .text.udp_input_local_match
                0x000000000800afb0       0xa0 ./Build/udp.o
 .text.udp_init
                0x000000000800b050       0x18 ./Build/udp.o
                0x000000000800b050                udp_init
 .text.udp_input
                0x000000000800b068      0x184 ./Build/udp.o
                0x000000000800b068                udp_input
 .text.udp_bind
                0x000000000800b1ec       0xbc ./Build/udp.o
                0x000000000800b1ec                udp_bind
 .text.udp_sendto_if_src
                0x000000000800b2a8      0x16c ./Build/udp.o
                0x000000000800b2a8                udp_sendto_if_src
 .text.udp_sendto_if
                0x000000000800b414       0xa4 ./Build/udp.o
                0x000000000800b414                udp_sendto_if
 .text.udp_connect
                0x000000000800b4b8       0x84 ./Build/udp.o
                0x000000000800b4b8                udp_connect
 .text.udp_recv
                0x000000000800b53c       0x28 ./Build/udp.o
                0x000000000800b53c                udp_recv
 .text.udp_remove
                0x000000000800b564       0x54 ./Build/udp.o
                0x000000000800b564                udp_remove
 .text.udp_new  0x000000000800b5b8       0x1c ./Build/udp.o
                0x000000000800b5b8                udp_new
 .text.udp_new_ip_type
                0x000000000800b5d4        0x8 ./Build/udp.o
                0x000000000800b5d4                udp_new_ip_type
 .text.udp_netif_ip_addr_changed
                0x000000000800b5dc       0x38 ./Build/udp.o
                0x000000000800b5dc                udp_netif_ip_addr_changed
 .text.dhcp_set_state
                0x000000000800b614       0x10 ./Build/dhcp.o
 .text.dhcp_option_short
                0x000000000800b624       0x3c ./Build/dhcp.o
 .text.dhcp_option
                0x000000000800b660       0x3c ./Build/dhcp.o
 .text.dhcp_option_byte
                0x000000000800b69c       0x30 ./Build/dhcp.o
 .text.dhcp_option_long
                0x000000000800b6cc       0x50 ./Build/dhcp.o
 .text.dhcp_create_msg
                0x000000000800b71c      0x13c ./Build/dhcp.o
 .text.dhcp_handle_ack
                0x000000000800b858       0x7c ./Build/dhcp.o
 .text.dhcp_option_trailer
                0x000000000800b8d4       0x32 ./Build/dhcp.o
 *fill*         0x000000000800b906        0x2 
 .text.dhcp_rebind
                0x000000000800b908       0xec ./Build/dhcp.o
 .text.dhcp_t2_timeout
                0x000000000800b9f4       0x36 ./Build/dhcp.o
 *fill*         0x000000000800ba2a        0x2 
 .text.dhcp_reboot
                0x000000000800ba2c      0x110 ./Build/dhcp.o
 .text.dhcp_select
                0x000000000800bb3c      0x180 ./Build/dhcp.o
 .text.dhcp_handle_offer
                0x000000000800bcbc       0x34 ./Build/dhcp.o
 .text.dhcp_discover
                0x000000000800bcf0       0xf4 ./Build/dhcp.o
 .text.dhcp_decline
                0x000000000800bde4       0x9c ./Build/dhcp.o
 .text.dhcp_check
                0x000000000800be80       0x2a ./Build/dhcp.o
 *fill*         0x000000000800beaa        0x2 
 .text.dhcp_bind
                0x000000000800beac      0x12c ./Build/dhcp.o
 .text.dhcp_handle_nak
                0x000000000800bfd8       0x24 ./Build/dhcp.o
 .text.dhcp_dec_pcb_refcount
                0x000000000800bffc       0x48 ./Build/dhcp.o
 .text.dhcp_inc_pcb_refcount
                0x000000000800c044       0x7c ./Build/dhcp.o
 .text.dhcp_parse_reply
                0x000000000800c0c0      0x48c ./Build/dhcp.o
 .text.dhcp_recv
                0x000000000800c54c       0xec ./Build/dhcp.o
 .text.dhcp_arp_reply
                0x000000000800c638       0x40 ./Build/dhcp.o
                0x000000000800c638                dhcp_arp_reply
 .text.dhcp_renew
                0x000000000800c678       0xe8 ./Build/dhcp.o
                0x000000000800c678                dhcp_renew
 .text.dhcp_t1_timeout
                0x000000000800c760       0x34 ./Build/dhcp.o
 .text.dhcp_supplied_address
                0x000000000800c794       0x2a ./Build/dhcp.o
                0x000000000800c794                dhcp_supplied_address
 *fill*         0x000000000800c7be        0x2 
 .text.dhcp_release_and_stop
                0x000000000800c7c0       0xc4 ./Build/dhcp.o
                0x000000000800c7c0                dhcp_release_and_stop
 .text.dhcp_start
                0x000000000800c884       0xc4 ./Build/dhcp.o
                0x000000000800c884                dhcp_start
 .text.dhcp_coarse_tmr
                0x000000000800c948       0x64 ./Build/dhcp.o
                0x000000000800c948                dhcp_coarse_tmr
 .text.dhcp_timeout
                0x000000000800c9ac       0x5e ./Build/dhcp.o
 *fill*         0x000000000800ca0a        0x2 
 .text.dhcp_fine_tmr
                0x000000000800ca0c       0x34 ./Build/dhcp.o
                0x000000000800ca0c                dhcp_fine_tmr
 .text.etharp_free_entry
                0x000000000800ca40       0x34 ./Build/etharp.o
 .text.etharp_find_entry
                0x000000000800ca74      0x1f0 ./Build/etharp.o
 .text.etharp_update_arp_entry
                0x000000000800cc64       0xbc ./Build/etharp.o
 .text.etharp_raw
                0x000000000800cd20       0xe8 ./Build/etharp.o
 .text.etharp_request_dst
                0x000000000800ce08       0x28 ./Build/etharp.o
 .text.etharp_cleanup_netif
                0x000000000800ce30       0x3c ./Build/etharp.o
                0x000000000800ce30                etharp_cleanup_netif
 .text.etharp_input
                0x000000000800ce6c       0xc8 ./Build/etharp.o
                0x000000000800ce6c                etharp_input
 .text.etharp_request
                0x000000000800cf34       0x10 ./Build/etharp.o
                0x000000000800cf34                etharp_request
 .text.etharp_tmr
                0x000000000800cf44       0x88 ./Build/etharp.o
                0x000000000800cf44                etharp_tmr
 .text.etharp_output_to_arp_index
                0x000000000800cfcc       0xdc ./Build/etharp.o
 .text.etharp_query
                0x000000000800d0a8      0x1b8 ./Build/etharp.o
                0x000000000800d0a8                etharp_query
 .text.etharp_output
                0x000000000800d260      0x168 ./Build/etharp.o
                0x000000000800d260                etharp_output
 .text.icmp_send_response
                0x000000000800d3c8       0xa8 ./Build/icmp.o
 .text.icmp_input
                0x000000000800d470      0x158 ./Build/icmp.o
                0x000000000800d470                icmp_input
 .text.icmp_dest_unreach
                0x000000000800d5c8        0xc ./Build/icmp.o
                0x000000000800d5c8                icmp_dest_unreach
 .text.icmp_time_exceeded
                0x000000000800d5d4        0xc ./Build/icmp.o
                0x000000000800d5d4                icmp_time_exceeded
 .text.ip_reass_dequeue_datagram
                0x000000000800d5e0       0x48 ./Build/ip4_frag.o
 .text.ip_reass_free_complete_datagram
                0x000000000800d628       0xf8 ./Build/ip4_frag.o
 .text.ip_reass_remove_oldest_datagram
                0x000000000800d720       0x84 ./Build/ip4_frag.o
 .text.ip_frag_free_pbuf_custom_ref
                0x000000000800d7a4       0x2c ./Build/ip4_frag.o
 .text.ipfrag_free_pbuf_custom
                0x000000000800d7d0       0x34 ./Build/ip4_frag.o
 .text.ip_reass_chain_frag_into_datagram_and_validate
                0x000000000800d804      0x1b4 ./Build/ip4_frag.o
 .text.ip_frag_alloc_pbuf_custom_ref
                0x000000000800d9b8        0xa ./Build/ip4_frag.o
 *fill*         0x000000000800d9c2        0x2 
 .text.ip_reass_enqueue_new_datagram
                0x000000000800d9c4       0x64 ./Build/ip4_frag.o
 .text.ip_reass_tmr
                0x000000000800da28       0x2c ./Build/ip4_frag.o
                0x000000000800da28                ip_reass_tmr
 .text.ip4_reass
                0x000000000800da54      0x218 ./Build/ip4_frag.o
                0x000000000800da54                ip4_reass
 .text.ip4_frag
                0x000000000800dc6c      0x200 ./Build/ip4_frag.o
                0x000000000800dc6c                ip4_frag
 .text.ip4_input_accept
                0x000000000800de6c       0x34 ./Build/ip4.o
 .text.ip4_route
                0x000000000800dea0       0x68 ./Build/ip4.o
                0x000000000800dea0                ip4_route
 .text.ip4_input
                0x000000000800df08      0x1b8 ./Build/ip4.o
                0x000000000800df08                ip4_input
 .text.ip4_output_if_src
                0x000000000800e0c0      0x100 ./Build/ip4.o
                0x000000000800e0c0                ip4_output_if_src
 .text.ip4_output_if
                0x000000000800e1c0       0x2a ./Build/ip4.o
                0x000000000800e1c0                ip4_output_if
 .text.ip4_addr_isbroadcast_u32
                0x000000000800e1ea       0x40 ./Build/ip4_addr.o
                0x000000000800e1ea                ip4_addr_isbroadcast_u32
 *fill*         0x000000000800e22a        0x2 
 .text.ip4addr_ntoa_r
                0x000000000800e22c       0x9c ./Build/ip4_addr.o
                0x000000000800e22c                ip4addr_ntoa_r
 .text.ip4addr_ntoa
                0x000000000800e2c8       0x10 ./Build/ip4_addr.o
                0x000000000800e2c8                ip4addr_ntoa
 .text.netconn_apimsg
                0x000000000800e2d8       0x16 ./Build/api_lib.o
 *fill*         0x000000000800e2ee        0x2 
 .text.netconn_tcp_recvd_msg
                0x000000000800e2f0       0x44 ./Build/api_lib.o
 .text.netconn_close_shutdown
                0x000000000800e334       0x44 ./Build/api_lib.o
 .text.netconn_new_with_proto_and_callback
                0x000000000800e378       0xb8 ./Build/api_lib.o
                0x000000000800e378                netconn_new_with_proto_and_callback
 .text.netconn_prepare_delete
                0x000000000800e430       0x24 ./Build/api_lib.o
                0x000000000800e430                netconn_prepare_delete
 .text.netconn_delete
                0x000000000800e454       0x1e ./Build/api_lib.o
                0x000000000800e454                netconn_delete
 *fill*         0x000000000800e472        0x2 
 .text.netconn_bind
                0x000000000800e474       0x4c ./Build/api_lib.o
                0x000000000800e474                netconn_bind
 .text.netconn_listen_with_backlog
                0x000000000800e4c0       0x3c ./Build/api_lib.o
                0x000000000800e4c0                netconn_listen_with_backlog
 .text.netconn_write_vectors_partly
                0x000000000800e4fc       0xfc ./Build/api_lib.o
                0x000000000800e4fc                netconn_write_vectors_partly
 .text.netconn_write_partly
                0x000000000800e5f8       0x1a ./Build/api_lib.o
                0x000000000800e5f8                netconn_write_partly
 .text.netconn_close
                0x000000000800e612        0xa ./Build/api_lib.o
                0x000000000800e612                netconn_close
 .text.netconn_err
                0x000000000800e61c       0x1e ./Build/api_lib.o
                0x000000000800e61c                netconn_err
 *fill*         0x000000000800e63a        0x2 
 .text.netconn_accept
                0x000000000800e63c       0xcc ./Build/api_lib.o
                0x000000000800e63c                netconn_accept
 .text.netconn_recv_data
                0x000000000800e708      0x124 ./Build/api_lib.o
 .text.netconn_recv_data_tcp
                0x000000000800e82c       0xa2 ./Build/api_lib.o
 *fill*         0x000000000800e8ce        0x2 
 .text.netconn_recv
                0x000000000800e8d0       0xb8 ./Build/api_lib.o
                0x000000000800e8d0                netconn_recv
 .text.lwip_netconn_err_to_msg
                0x000000000800e988       0x50 ./Build/api_msg.o
 .text.recv_udp
                0x000000000800e9d8       0xc4 ./Build/api_msg.o
 .text.setup_tcp
                0x000000000800ea9c       0x40 ./Build/api_msg.o
 .text.pcb_new  0x000000000800eadc       0x88 ./Build/api_msg.o
 .text.err_tcp  0x000000000800eb64      0x124 ./Build/api_msg.o
 .text.lwip_netconn_do_writemore
                0x000000000800ec88      0x298 ./Build/api_msg.o
 .text.lwip_netconn_do_close_internal
                0x000000000800ef20      0x218 ./Build/api_msg.o
 .text.poll_tcp
                0x000000000800f138       0x84 ./Build/api_msg.o
 .text.sent_tcp
                0x000000000800f1bc       0x74 ./Build/api_msg.o
 .text.recv_tcp
                0x000000000800f230       0xc8 ./Build/api_msg.o
 .text.lwip_netconn_is_err_msg
                0x000000000800f2f8       0x5c ./Build/api_msg.o
                0x000000000800f2f8                lwip_netconn_is_err_msg
 .text.lwip_netconn_do_newconn
                0x000000000800f354       0x14 ./Build/api_msg.o
                0x000000000800f354                lwip_netconn_do_newconn
 .text.netconn_alloc
                0x000000000800f368       0x84 ./Build/api_msg.o
                0x000000000800f368                netconn_alloc
 .text.netconn_free
                0x000000000800f3ec       0x78 ./Build/api_msg.o
                0x000000000800f3ec                netconn_free
 .text.netconn_drain
                0x000000000800f464       0xaa ./Build/api_msg.o
 *fill*         0x000000000800f50e        0x2 
 .text.accept_function
                0x000000000800f510      0x108 ./Build/api_msg.o
 .text.lwip_netconn_do_delconn
                0x000000000800f618      0x150 ./Build/api_msg.o
                0x000000000800f618                lwip_netconn_do_delconn
 .text.lwip_netconn_do_bind
                0x000000000800f768       0x3a ./Build/api_msg.o
                0x000000000800f768                lwip_netconn_do_bind
 *fill*         0x000000000800f7a2        0x2 
 .text.lwip_netconn_do_listen
                0x000000000800f7a4       0xd8 ./Build/api_msg.o
                0x000000000800f7a4                lwip_netconn_do_listen
 .text.lwip_netconn_do_recv
                0x000000000800f87c       0x3c ./Build/api_msg.o
                0x000000000800f87c                lwip_netconn_do_recv
 .text.lwip_netconn_do_write
                0x000000000800f8b8       0xd8 ./Build/api_msg.o
                0x000000000800f8b8                lwip_netconn_do_write
 .text.lwip_netconn_do_close
                0x000000000800f990       0xcc ./Build/api_msg.o
                0x000000000800f990                lwip_netconn_do_close
 .text.netbuf_delete
                0x000000000800fa5c       0x20 ./Build/netbuf.o
                0x000000000800fa5c                netbuf_delete
 .text.netbuf_data
                0x000000000800fa7c       0x6c ./Build/netbuf.o
                0x000000000800fa7c                netbuf_data
 .text.netbuf_next
                0x000000000800fae8       0x3c ./Build/netbuf.o
                0x000000000800fae8                netbuf_next
 .text.tcpip_timeouts_mbox_fetch
                0x000000000800fb24       0x60 ./Build/tcpip.o
 .text.tcpip_thread_handle_msg
                0x000000000800fb84       0x60 ./Build/tcpip.o
 .text.tcpip_thread
                0x000000000800fbe4       0x54 ./Build/tcpip.o
 .text.tcpip_inpkt
                0x000000000800fc38       0x64 ./Build/tcpip.o
                0x000000000800fc38                tcpip_inpkt
 .text.tcpip_input
                0x000000000800fc9c       0x24 ./Build/tcpip.o
                0x000000000800fc9c                tcpip_input
 .text.tcpip_send_msg_wait_sem
                0x000000000800fcc0       0x20 ./Build/tcpip.o
                0x000000000800fcc0                tcpip_send_msg_wait_sem
 .text.tcpip_init
                0x000000000800fce0       0x84 ./Build/tcpip.o
                0x000000000800fce0                tcpip_init
 .text.ethernet_input
                0x000000000800fd64       0xa8 ./Build/ethernet.o
                0x000000000800fd64                ethernet_input
 .text.ethernet_output
                0x000000000800fe0c       0x70 ./Build/ethernet.o
                0x000000000800fe0c                ethernet_output
 .text.fs_open  0x000000000800fe7c       0x48 ./Build/fs.o
                0x000000000800fe7c                fs_open
 .text.fs_close
                0x000000000800fec4        0x2 ./Build/fs.o
                0x000000000800fec4                fs_close
 *fill*         0x000000000800fec6        0x2 
 .text.User_notification
                0x000000000800fec8       0x50 ./Build/app_ethernet.o
                0x000000000800fec8                User_notification
 .text.low_level_output
                0x000000000800ff18       0xbc ./Build/ethernetif.o
 .text.low_level_init
                0x000000000800ffd4       0xec ./Build/ethernetif.o
 .text.low_level_input
                0x00000000080100c0       0xd8 ./Build/ethernetif.o
 .text.ethernetif_input
                0x0000000008010198       0x4c ./Build/ethernetif.o
 .text.HAL_ETH_MspInit
                0x00000000080101e4       0xcc ./Build/ethernetif.o
                0x00000000080101e4                HAL_ETH_MspInit
 .text.HAL_ETH_RxCpltCallback
                0x00000000080102b0       0x10 ./Build/ethernetif.o
                0x00000000080102b0                HAL_ETH_RxCpltCallback
 .text.ethernetif_init
                0x00000000080102c0       0x48 ./Build/ethernetif.o
                0x00000000080102c0                ethernetif_init
 .text.sys_now  0x0000000008010308        0x8 ./Build/ethernetif.o
                0x0000000008010308                sys_now
 .text.http_server_netconn_init
                0x0000000008010310       0x24 ./Build/httpserver-netconn.o
                0x0000000008010310                http_server_netconn_init
 .text.DynWebPage
                0x0000000008010334      0x13c ./Build/httpserver-netconn.o
                0x0000000008010334                DynWebPage
 .text.http_server_serve
                0x0000000008010470      0x16c ./Build/httpserver-netconn.o
 .text.http_server_netconn_thread
                0x00000000080105dc       0x44 ./Build/httpserver-netconn.o
 .text.Error_Handler
                0x0000000008010620        0x2 ./Build/main.o
 *fill*         0x0000000008010622        0x2 
 .text.CPU_CACHE_Enable
                0x0000000008010624       0x80 ./Build/main.o
 .text.tcpecho_thread
                0x00000000080106a4       0xb4 ./Build/main.o
 .text.BSP_Config
                0x0000000008010758       0x54 ./Build/main.o
 .text.Netif_Config
                0x00000000080107ac       0x64 ./Build/main.o
 .text.StartThread
                0x0000000008010810       0x44 ./Build/main.o
 .text.MPU_Config
                0x0000000008010854       0x84 ./Build/main.o
 .text.SystemClock_Config
                0x00000000080108d8       0x6e ./Build/main.o
 *fill*         0x0000000008010946        0x2 
 .text.main     0x0000000008010948       0x34 ./Build/main.o
                0x0000000008010948                main
 .text.HAL_InitTick
                0x000000000801097c       0x88 ./Build/stm32f7xx_hal_timebase_tim.o
                0x000000000801097c                HAL_InitTick
 .text.HAL_TIM_PeriodElapsedCallback
                0x0000000008010a04        0x8 ./Build/stm32f7xx_hal_timebase_tim.o
                0x0000000008010a04                HAL_TIM_PeriodElapsedCallback
 .text.TIM6_DAC_IRQHandler
                0x0000000008010a0c       0x10 ./Build/stm32f7xx_hal_timebase_tim.o
                0x0000000008010a0c                TIM6_DAC_IRQHandler
 .text.NMI_Handler
                0x0000000008010a1c        0x2 ./Build/stm32f7xx_it.o
                0x0000000008010a1c                NMI_Handler
 .text.HardFault_Handler
                0x0000000008010a1e        0x2 ./Build/stm32f7xx_it.o
                0x0000000008010a1e                HardFault_Handler
 .text.MemManage_Handler
                0x0000000008010a20        0x2 ./Build/stm32f7xx_it.o
                0x0000000008010a20                MemManage_Handler
 .text.BusFault_Handler
                0x0000000008010a22        0x2 ./Build/stm32f7xx_it.o
                0x0000000008010a22                BusFault_Handler
 .text.UsageFault_Handler
                0x0000000008010a24        0x2 ./Build/stm32f7xx_it.o
                0x0000000008010a24                UsageFault_Handler
 .text.DebugMon_Handler
                0x0000000008010a26        0x2 ./Build/stm32f7xx_it.o
                0x0000000008010a26                DebugMon_Handler
 .text.SysTick_Handler
                0x0000000008010a28        0x8 ./Build/stm32f7xx_it.o
                0x0000000008010a28                SysTick_Handler
 .text.ETH_IRQHandler
                0x0000000008010a30       0x10 ./Build/stm32f7xx_it.o
                0x0000000008010a30                ETH_IRQHandler
 .text._sbrk    0x0000000008010a40       0x48 ./Build/syscalls.o
                0x0000000008010a40                _sbrk
 .text._write   0x0000000008010a88       0x1c ./Build/syscalls.o
                0x0000000008010a88                _write
 .text._close   0x0000000008010aa4        0x6 ./Build/syscalls.o
                0x0000000008010aa4                _close
 .text._fstat   0x0000000008010aaa        0xa ./Build/syscalls.o
                0x0000000008010aaa                _fstat
 .text._isatty  0x0000000008010ab4        0x4 ./Build/syscalls.o
                0x0000000008010ab4                _isatty
 .text._lseek   0x0000000008010ab8        0x4 ./Build/syscalls.o
                0x0000000008010ab8                _lseek
 .text._read    0x0000000008010abc       0x20 ./Build/syscalls.o
                0x0000000008010abc                _read
 .text.Reset_Handler
                0x0000000008010adc       0x50 ./Build/startup_stm32f746xx.o
                0x0000000008010adc                Reset_Handler
 .text.Default_Handler
                0x0000000008010b2c        0x2 ./Build/startup_stm32f746xx.o
                0x0000000008010b2c                DMA1_Stream3_IRQHandler
                0x0000000008010b2c                EXTI2_IRQHandler
                0x0000000008010b2c                TIM8_CC_IRQHandler
                0x0000000008010b2c                UART8_IRQHandler
                0x0000000008010b2c                SPI4_IRQHandler
                0x0000000008010b2c                TIM1_CC_IRQHandler
                0x0000000008010b2c                DMA2_Stream5_IRQHandler
                0x0000000008010b2c                DMA1_Stream5_IRQHandler
                0x0000000008010b2c                PVD_IRQHandler
                0x0000000008010b2c                TAMP_STAMP_IRQHandler
                0x0000000008010b2c                CAN2_RX1_IRQHandler
                0x0000000008010b2c                EXTI3_IRQHandler
                0x0000000008010b2c                TIM8_TRG_COM_TIM14_IRQHandler
                0x0000000008010b2c                TIM1_UP_TIM10_IRQHandler
                0x0000000008010b2c                TIM8_UP_TIM13_IRQHandler
                0x0000000008010b2c                I2C3_ER_IRQHandler
                0x0000000008010b2c                EXTI0_IRQHandler
                0x0000000008010b2c                I2C2_EV_IRQHandler
                0x0000000008010b2c                DMA1_Stream2_IRQHandler
                0x0000000008010b2c                CAN1_RX0_IRQHandler
                0x0000000008010b2c                FPU_IRQHandler
                0x0000000008010b2c                OTG_HS_WKUP_IRQHandler
                0x0000000008010b2c                LTDC_ER_IRQHandler
                0x0000000008010b2c                CAN2_SCE_IRQHandler
                0x0000000008010b2c                DMA2_Stream2_IRQHandler
                0x0000000008010b2c                SPI1_IRQHandler
                0x0000000008010b2c                TIM1_BRK_TIM9_IRQHandler
                0x0000000008010b2c                DCMI_IRQHandler
                0x0000000008010b2c                CAN2_RX0_IRQHandler
                0x0000000008010b2c                DMA2_Stream3_IRQHandler
                0x0000000008010b2c                SAI2_IRQHandler
                0x0000000008010b2c                USART6_IRQHandler
                0x0000000008010b2c                USART3_IRQHandler
                0x0000000008010b2c                CAN1_RX1_IRQHandler
                0x0000000008010b2c                UART5_IRQHandler
                0x0000000008010b2c                DMA2_Stream0_IRQHandler
                0x0000000008010b2c                TIM4_IRQHandler
                0x0000000008010b2c                QUADSPI_IRQHandler
                0x0000000008010b2c                I2C1_EV_IRQHandler
                0x0000000008010b2c                DMA1_Stream6_IRQHandler
                0x0000000008010b2c                DMA1_Stream1_IRQHandler
                0x0000000008010b2c                UART4_IRQHandler
                0x0000000008010b2c                TIM3_IRQHandler
                0x0000000008010b2c                RCC_IRQHandler
                0x0000000008010b2c                TIM8_BRK_TIM12_IRQHandler
                0x0000000008010b2c                Default_Handler
                0x0000000008010b2c                CEC_IRQHandler
                0x0000000008010b2c                EXTI15_10_IRQHandler
                0x0000000008010b2c                ADC_IRQHandler
                0x0000000008010b2c                DMA1_Stream7_IRQHandler
                0x0000000008010b2c                SPI5_IRQHandler
                0x0000000008010b2c                TIM7_IRQHandler
                0x0000000008010b2c                SDMMC1_IRQHandler
                0x0000000008010b2c                CAN2_TX_IRQHandler
                0x0000000008010b2c                TIM5_IRQHandler
                0x0000000008010b2c                DMA2_Stream7_IRQHandler
                0x0000000008010b2c                I2C3_EV_IRQHandler
                0x0000000008010b2c                EXTI9_5_IRQHandler
                0x0000000008010b2c                RTC_WKUP_IRQHandler
                0x0000000008010b2c                LTDC_IRQHandler
                0x0000000008010b2c                ETH_WKUP_IRQHandler
                0x0000000008010b2c                SPDIF_RX_IRQHandler
                0x0000000008010b2c                SPI2_IRQHandler
                0x0000000008010b2c                OTG_HS_EP1_IN_IRQHandler
                0x0000000008010b2c                DMA1_Stream0_IRQHandler
                0x0000000008010b2c                CAN1_TX_IRQHandler
                0x0000000008010b2c                EXTI4_IRQHandler
                0x0000000008010b2c                RNG_IRQHandler
                0x0000000008010b2c                OTG_HS_EP1_OUT_IRQHandler
                0x0000000008010b2c                WWDG_IRQHandler
                0x0000000008010b2c                SPI6_IRQHandler
                0x0000000008010b2c                I2C4_EV_IRQHandler
                0x0000000008010b2c                TIM2_IRQHandler
                0x0000000008010b2c                OTG_FS_WKUP_IRQHandler
                0x0000000008010b2c                TIM1_TRG_COM_TIM11_IRQHandler
                0x0000000008010b2c                OTG_HS_IRQHandler
                0x0000000008010b2c                DMA2D_IRQHandler
                0x0000000008010b2c                EXTI1_IRQHandler
                0x0000000008010b2c                UART7_IRQHandler
                0x0000000008010b2c                USART2_IRQHandler
                0x0000000008010b2c                I2C2_ER_IRQHandler
                0x0000000008010b2c                DMA2_Stream1_IRQHandler
                0x0000000008010b2c                CAN1_SCE_IRQHandler
                0x0000000008010b2c                FLASH_IRQHandler
                0x0000000008010b2c                DMA2_Stream4_IRQHandler
                0x0000000008010b2c                USART1_IRQHandler
                0x0000000008010b2c                OTG_FS_IRQHandler
                0x0000000008010b2c                SPI3_IRQHandler
                0x0000000008010b2c                DMA1_Stream4_IRQHandler
                0x0000000008010b2c                I2C1_ER_IRQHandler
                0x0000000008010b2c                FMC_IRQHandler
                0x0000000008010b2c                LPTIM1_IRQHandler
                0x0000000008010b2c                I2C4_ER_IRQHandler
                0x0000000008010b2c                DMA2_Stream6_IRQHandler
                0x0000000008010b2c                SAI1_IRQHandler
                0x0000000008010b2c                RTC_Alarm_IRQHandler
 *fill*         0x0000000008010b2e        0x2 
 .text.__libc_init_array
                0x0000000008010b30       0x48 /usr/local/Cellar/arm-none-eabi-gcc/9-2019-q4-major/gcc/bin/../lib/gcc/arm-none-eabi/9.2.1/../../../../arm-none-eabi/lib/thumb/v7e-m+fp/hard/libc_nano.a(lib_a-init.o)
                0x0000000008010b30                __libc_init_array
 .text.memcmp   0x0000000008010b78       0x1c /usr/local/Cellar/arm-none-eabi-gcc/9-2019-q4-major/gcc/bin/../lib/gcc/arm-none-eabi/9.2.1/../../../../arm-none-eabi/lib/thumb/v7e-m+fp/hard/libc_nano.a(lib_a-memcmp.o)
                0x0000000008010b78                memcmp
 .text.memcpy   0x0000000008010b94       0x1c /usr/local/Cellar/arm-none-eabi-gcc/9-2019-q4-major/gcc/bin/../lib/gcc/arm-none-eabi/9.2.1/../../../../arm-none-eabi/lib/thumb/v7e-m+fp/hard/libc_nano.a(lib_a-memcpy-stub.o)
                0x0000000008010b94                memcpy
 .text.memmove  0x0000000008010bb0       0x34 /usr/local/Cellar/arm-none-eabi-gcc/9-2019-q4-major/gcc/bin/../lib/gcc/arm-none-eabi/9.2.1/../../../../arm-none-eabi/lib/thumb/v7e-m+fp/hard/libc_nano.a(lib_a-memmove.o)
                0x0000000008010bb0                memmove
 .text.memset   0x0000000008010be4       0x10 /usr/local/Cellar/arm-none-eabi-gcc/9-2019-q4-major/gcc/bin/../lib/gcc/arm-none-eabi/9.2.1/../../../../arm-none-eabi/lib/thumb/v7e-m+fp/hard/libc_nano.a(lib_a-memset.o)
                0x0000000008010be4                memset
 .text.printf   0x0000000008010bf4       0x30 /usr/local/Cellar/arm-none-eabi-gcc/9-2019-q4-major/gcc/bin/../lib/gcc/arm-none-eabi/9.2.1/../../../../arm-none-eabi/lib/thumb/v7e-m+fp/hard/libc_nano.a(lib_a-printf.o)
                0x0000000008010bf4                printf
                0x0000000008010bf4                iprintf
 .text._puts_r  0x0000000008010c24       0xdc /usr/local/Cellar/arm-none-eabi-gcc/9-2019-q4-major/gcc/bin/../lib/gcc/arm-none-eabi/9.2.1/../../../../arm-none-eabi/lib/thumb/v7e-m+fp/hard/libc_nano.a(lib_a-puts.o)
                0x0000000008010c24                _puts_r
 .text.puts     0x0000000008010d00       0x10 /usr/local/Cellar/arm-none-eabi-gcc/9-2019-q4-major/gcc/bin/../lib/gcc/arm-none-eabi/9.2.1/../../../../arm-none-eabi/lib/thumb/v7e-m+fp/hard/libc_nano.a(lib_a-puts.o)
                0x0000000008010d00                puts
 .text.rand     0x0000000008010d10       0x68 /usr/local/Cellar/arm-none-eabi-gcc/9-2019-q4-major/gcc/bin/../lib/gcc/arm-none-eabi/9.2.1/../../../../arm-none-eabi/lib/thumb/v7e-m+fp/hard/libc_nano.a(lib_a-rand.o)
                0x0000000008010d10                rand
 .text.sprintf  0x0000000008010d78       0x40 /usr/local/Cellar/arm-none-eabi-gcc/9-2019-q4-major/gcc/bin/../lib/gcc/arm-none-eabi/9.2.1/../../../../arm-none-eabi/lib/thumb/v7e-m+fp/hard/libc_nano.a(lib_a-sprintf.o)
                0x0000000008010d78                sprintf
                0x0000000008010d78                siprintf
 .text.strcat   0x0000000008010db8       0x1e /usr/local/Cellar/arm-none-eabi-gcc/9-2019-q4-major/gcc/bin/../lib/gcc/arm-none-eabi/9.2.1/../../../../arm-none-eabi/lib/thumb/v7e-m+fp/hard/libc_nano.a(lib_a-strcat.o)
                0x0000000008010db8                strcat
 .text.strcpy   0x0000000008010dd6       0x10 /usr/local/Cellar/arm-none-eabi-gcc/9-2019-q4-major/gcc/bin/../lib/gcc/arm-none-eabi/9.2.1/../../../../arm-none-eabi/lib/thumb/v7e-m+fp/hard/libc_nano.a(lib_a-strcpy.o)
                0x0000000008010dd6                strcpy
 .text.strncmp  0x0000000008010de6       0x24 /usr/local/Cellar/arm-none-eabi-gcc/9-2019-q4-major/gcc/bin/../lib/gcc/arm-none-eabi/9.2.1/../../../../arm-none-eabi/lib/thumb/v7e-m+fp/hard/libc_nano.a(lib_a-strncmp.o)
                0x0000000008010de6                strncmp
 *fill*         0x0000000008010e0a        0x2 
 .text.__swbuf_r
                0x0000000008010e0c       0xa4 /usr/local/Cellar/arm-none-eabi-gcc/9-2019-q4-major/gcc/bin/../lib/gcc/arm-none-eabi/9.2.1/../../../../arm-none-eabi/lib/thumb/v7e-m+fp/hard/libc_nano.a(lib_a-wbuf.o)
                0x0000000008010e0c                __swbuf_r
 .text.__swsetup_r
                0x0000000008010eb0       0xdc /usr/local/Cellar/arm-none-eabi-gcc/9-2019-q4-major/gcc/bin/../lib/gcc/arm-none-eabi/9.2.1/../../../../arm-none-eabi/lib/thumb/v7e-m+fp/hard/libc_nano.a(lib_a-wsetup.o)
                0x0000000008010eb0                __swsetup_r
 .text.__sflush_r
                0x0000000008010f8c      0x10c /usr/local/Cellar/arm-none-eabi-gcc/9-2019-q4-major/gcc/bin/../lib/gcc/arm-none-eabi/9.2.1/../../../../arm-none-eabi/lib/thumb/v7e-m+fp/hard/libc_nano.a(lib_a-fflush.o)
                0x0000000008010f8c                __sflush_r
 .text._fflush_r
                0x0000000008011098       0x78 /usr/local/Cellar/arm-none-eabi-gcc/9-2019-q4-major/gcc/bin/../lib/gcc/arm-none-eabi/9.2.1/../../../../arm-none-eabi/lib/thumb/v7e-m+fp/hard/libc_nano.a(lib_a-fflush.o)
                0x0000000008011098                _fflush_r
 .text.std      0x0000000008011110       0x48 /usr/local/Cellar/arm-none-eabi-gcc/9-2019-q4-major/gcc/bin/../lib/gcc/arm-none-eabi/9.2.1/../../../../arm-none-eabi/lib/thumb/v7e-m+fp/hard/libc_nano.a(lib_a-findfp.o)
 .text._cleanup_r
                0x0000000008011158        0xc /usr/local/Cellar/arm-none-eabi-gcc/9-2019-q4-major/gcc/bin/../lib/gcc/arm-none-eabi/9.2.1/../../../../arm-none-eabi/lib/thumb/v7e-m+fp/hard/libc_nano.a(lib_a-findfp.o)
                0x0000000008011158                _cleanup_r
 .text.__sfmoreglue
                0x0000000008011164       0x2c /usr/local/Cellar/arm-none-eabi-gcc/9-2019-q4-major/gcc/bin/../lib/gcc/arm-none-eabi/9.2.1/../../../../arm-none-eabi/lib/thumb/v7e-m+fp/hard/libc_nano.a(lib_a-findfp.o)
                0x0000000008011164                __sfmoreglue
 .text.__sfp_lock_acquire
                0x0000000008011190        0xc /usr/local/Cellar/arm-none-eabi-gcc/9-2019-q4-major/gcc/bin/../lib/gcc/arm-none-eabi/9.2.1/../../../../arm-none-eabi/lib/thumb/v7e-m+fp/hard/libc_nano.a(lib_a-findfp.o)
                0x0000000008011190                __sfp_lock_acquire
 .text.__sfp_lock_release
                0x000000000801119c        0xc /usr/local/Cellar/arm-none-eabi-gcc/9-2019-q4-major/gcc/bin/../lib/gcc/arm-none-eabi/9.2.1/../../../../arm-none-eabi/lib/thumb/v7e-m+fp/hard/libc_nano.a(lib_a-findfp.o)
                0x000000000801119c                __sfp_lock_release
 .text.__sinit_lock_acquire
                0x00000000080111a8        0xc /usr/local/Cellar/arm-none-eabi-gcc/9-2019-q4-major/gcc/bin/../lib/gcc/arm-none-eabi/9.2.1/../../../../arm-none-eabi/lib/thumb/v7e-m+fp/hard/libc_nano.a(lib_a-findfp.o)
                0x00000000080111a8                __sinit_lock_acquire
 .text.__sinit_lock_release
                0x00000000080111b4        0xc /usr/local/Cellar/arm-none-eabi-gcc/9-2019-q4-major/gcc/bin/../lib/gcc/arm-none-eabi/9.2.1/../../../../arm-none-eabi/lib/thumb/v7e-m+fp/hard/libc_nano.a(lib_a-findfp.o)
                0x00000000080111b4                __sinit_lock_release
 .text.__sinit  0x00000000080111c0       0x70 /usr/local/Cellar/arm-none-eabi-gcc/9-2019-q4-major/gcc/bin/../lib/gcc/arm-none-eabi/9.2.1/../../../../arm-none-eabi/lib/thumb/v7e-m+fp/hard/libc_nano.a(lib_a-findfp.o)
                0x00000000080111c0                __sinit
 .text.__sfp    0x0000000008011230       0x8c /usr/local/Cellar/arm-none-eabi-gcc/9-2019-q4-major/gcc/bin/../lib/gcc/arm-none-eabi/9.2.1/../../../../arm-none-eabi/lib/thumb/v7e-m+fp/hard/libc_nano.a(lib_a-findfp.o)
                0x0000000008011230                __sfp
 .text._fwalk_reent
                0x00000000080112bc       0x3e /usr/local/Cellar/arm-none-eabi-gcc/9-2019-q4-major/gcc/bin/../lib/gcc/arm-none-eabi/9.2.1/../../../../arm-none-eabi/lib/thumb/v7e-m+fp/hard/libc_nano.a(lib_a-fwalk.o)
                0x00000000080112bc                _fwalk_reent
 .text.__retarget_lock_init_recursive
                0x00000000080112fa        0x2 /usr/local/Cellar/arm-none-eabi-gcc/9-2019-q4-major/gcc/bin/../lib/gcc/arm-none-eabi/9.2.1/../../../../arm-none-eabi/lib/thumb/v7e-m+fp/hard/libc_nano.a(lib_a-lock.o)